result code = 0
standard error = {
--------------------------------------------------------------------------------
# `doThing`

## Signature 

```
void doThing();
```

## Availability

**GLSL** `GL_EXT_NiftyExtension`, `SPIR-V 1.3` **HLSL** `NVAPI` **CPP** **CUDA** `SM 2.0` 

}
standard output = {
}
