result code = 0
standard error = {
}
standard output = {
{
    "version": "1.1",
    "parameters": [
        {
            "name": "MyConstantBuffer",
            "binding": {"kind": "constantBuffer", "index": 0},
            "type": {
                "kind": "constantBuffer",
                "elementType": {
                    "kind": "struct",
                    "fields": [
                        {
                            "name": "x",
                            "type": {
                                "kind": "scalar",
                                "scalarType": "float32",
                                "sizes": [
                                    {"kind": "uniform", "value": 4, "alignment": 4}
                                ]
                            },
                            "binding": {"kind": "uniform", "offset": 0, "size": 4, "elementStride": 0}
                        },
                        {
                            "name": "a",
                            "type": {
                                "kind": "array",
                                "elementCount": 10,
                                "elementType": {
                                    "kind": "scalar",
                                    "scalarType": "float32",
                                    "sizes": [
                                        {"kind": "uniform", "value": 4, "alignment": 4}
                                    ]
                                },
                                "uniformStride": 16,
                                "sizes": [
                                    {"kind": "uniform", "value": 148, "alignment": 16}
                                ]
                            },
                            "binding": {"kind": "uniform", "offset": 16, "size": 148, "elementStride": 16}
                        },
                        {
                            "name": "y",
                            "type": {
                                "kind": "scalar",
                                "scalarType": "float32",
                                "sizes": [
                                    {"kind": "uniform", "value": 4, "alignment": 4}
                                ]
                            },
                            "binding": {"kind": "uniform", "offset": 164, "size": 4, "elementStride": 0}
                        }
                    ],
                    "sizes": [
                        {"kind": "uniform", "value": 168, "alignment": 16}
                    ]
                },
                "containerVarLayout": {
                    "binding": {"kind": "constantBuffer", "index": 0}
                },
                "elementVarLayout": {
                    "type": {
                        "kind": "struct",
                        "fields": [
                            {
                                "name": "x",
                                "type": {
                                    "kind": "scalar",
                                    "scalarType": "float32",
                                    "sizes": [
                                        {"kind": "uniform", "value": 4, "alignment": 4}
                                    ]
                                },
                                "binding": {"kind": "uniform", "offset": 0, "size": 4, "elementStride": 0}
                            },
                            {
                                "name": "a",
                                "type": {
                                    "kind": "array",
                                    "elementCount": 10,
                                    "elementType": {
                                        "kind": "scalar",
                                        "scalarType": "float32",
                                        "sizes": [
                                            {"kind": "uniform", "value": 4, "alignment": 4}
                                        ]
                                    },
                                    "uniformStride": 16,
                                    "sizes": [
                                        {"kind": "uniform", "value": 148, "alignment": 16}
                                    ]
                                },
                                "binding": {"kind": "uniform", "offset": 16, "size": 148, "elementStride": 16}
                            },
                            {
                                "name": "y",
                                "type": {
                                    "kind": "scalar",
                                    "scalarType": "float32",
                                    "sizes": [
                                        {"kind": "uniform", "value": 4, "alignment": 4}
                                    ]
                                },
                                "binding": {"kind": "uniform", "offset": 164, "size": 4, "elementStride": 0}
                            }
                        ],
                        "sizes": [
                            {"kind": "uniform", "value": 168, "alignment": 16}
                        ]
                    },
                    "binding": {"kind": "uniform", "offset": 0, "size": 168, "elementStride": 0}
                },
                "sizes": [
                    {"kind": "constantBuffer", "value": 1}
                ]
            }
        },
        {
            "name": "tx",
            "binding": {"kind": "shaderResource", "index": 0},
            "type": {
                "kind": "resource",
                "baseShape": "texture2D",
                "resultType": {
                    "kind": "vector",
                    "elementCount": 4,
                    "elementType": {
                        "kind": "scalar",
                        "scalarType": "float32"
                    }
                },
                "sizes": [
                    {"kind": "shaderResource", "value": 1}
                ]
            }
        },
        {
            "name": "ta",
            "binding": {"kind": "shaderResource", "index": 1, "count": 16},
            "type": {
                "kind": "array",
                "elementCount": 16,
                "elementType": {
                    "kind": "resource",
                    "baseShape": "texture2D",
                    "resultType": {
                        "kind": "vector",
                        "elementCount": 4,
                        "elementType": {
                            "kind": "scalar",
                            "scalarType": "float32"
                        }
                    },
                    "sizes": [
                        {"kind": "shaderResource", "value": 1}
                    ]
                },
                "sizes": [
                    {"kind": "shaderResource", "value": 16}
                ]
            }
        },
        {
            "name": "ty",
            "binding": {"kind": "shaderResource", "index": 17},
            "type": {
                "kind": "resource",
                "baseShape": "texture2D",
                "resultType": {
                    "kind": "vector",
                    "elementCount": 4,
                    "elementType": {
                        "kind": "scalar",
                        "scalarType": "float32"
                    }
                },
                "sizes": [
                    {"kind": "shaderResource", "value": 1}
                ]
            }
        },
        {
            "name": "sx",
            "binding": {"kind": "samplerState", "index": 0},
            "type": {
                "kind": "samplerState",
                "sizes": [
                    {"kind": "samplerState", "value": 1}
                ]
            }
        },
        {
            "name": "sa",
            "binding": {"kind": "samplerState", "index": 1, "count": 4},
            "type": {
                "kind": "array",
                "elementCount": 4,
                "elementType": {
                    "kind": "samplerState",
                    "sizes": [
                        {"kind": "samplerState", "value": 1}
                    ]
                },
                "sizes": [
                    {"kind": "samplerState", "value": 4}
                ]
            }
        },
        {
            "name": "sy",
            "binding": {"kind": "samplerState", "index": 5},
            "type": {
                "kind": "samplerState",
                "sizes": [
                    {"kind": "samplerState", "value": 1}
                ]
            }
        }
    ],
    "globalScope": {
        "kind": "none",
        "parameters": [
            {
                "name": "MyConstantBuffer",
                "binding": {"kind": "constantBuffer", "index": 0},
                "type": {
                    "kind": "constantBuffer",
                    "elementType": {
                        "kind": "struct",
                        "fields": [
                            {
                                "name": "x",
                                "type": {
                                    "kind": "scalar",
                                    "scalarType": "float32",
                                    "sizes": [
                                        {"kind": "uniform", "value": 4, "alignment": 4}
                                    ]
                                },
                                "binding": {"kind": "uniform", "offset": 0, "size": 4, "elementStride": 0}
                            },
                            {
                                "name": "a",
                                "type": {
                                    "kind": "array",
                                    "elementCount": 10,
                                    "elementType": {
                                        "kind": "scalar",
                                        "scalarType": "float32",
                                        "sizes": [
                                            {"kind": "uniform", "value": 4, "alignment": 4}
                                        ]
                                    },
                                    "uniformStride": 16,
                                    "sizes": [
                                        {"kind": "uniform", "value": 148, "alignment": 16}
                                    ]
                                },
                                "binding": {"kind": "uniform", "offset": 16, "size": 148, "elementStride": 16}
                            },
                            {
                                "name": "y",
                                "type": {
                                    "kind": "scalar",
                                    "scalarType": "float32",
                                    "sizes": [
                                        {"kind": "uniform", "value": 4, "alignment": 4}
                                    ]
                                },
                                "binding": {"kind": "uniform", "offset": 164, "size": 4, "elementStride": 0}
                            }
                        ],
                        "sizes": [
                            {"kind": "uniform", "value": 168, "alignment": 16}
                        ]
                    },
                    "containerVarLayout": {
                        "binding": {"kind": "constantBuffer", "index": 0}
                    },
                    "elementVarLayout": {
                        "type": {
                            "kind": "struct",
                            "fields": [
                                {
                                    "name": "x",
                                    "type": {
                                        "kind": "scalar",
                                        "scalarType": "float32",
                                        "sizes": [
                                            {"kind": "uniform", "value": 4, "alignment": 4}
                                        ]
                                    },
                                    "binding": {"kind": "uniform", "offset": 0, "size": 4, "elementStride": 0}
                                },
                                {
                                    "name": "a",
                                    "type": {
                                        "kind": "array",
                                        "elementCount": 10,
                                        "elementType": {
                                            "kind": "scalar",
                                            "scalarType": "float32",
                                            "sizes": [
                                                {"kind": "uniform", "value": 4, "alignment": 4}
                                            ]
                                        },
                                        "uniformStride": 16,
                                        "sizes": [
                                            {"kind": "uniform", "value": 148, "alignment": 16}
                                        ]
                                    },
                                    "binding": {"kind": "uniform", "offset": 16, "size": 148, "elementStride": 16}
                                },
                                {
                                    "name": "y",
                                    "type": {
                                        "kind": "scalar",
                                        "scalarType": "float32",
                                        "sizes": [
                                            {"kind": "uniform", "value": 4, "alignment": 4}
                                        ]
                                    },
                                    "binding": {"kind": "uniform", "offset": 164, "size": 4, "elementStride": 0}
                                }
                            ],
                            "sizes": [
                                {"kind": "uniform", "value": 168, "alignment": 16}
                            ]
                        },
                        "binding": {"kind": "uniform", "offset": 0, "size": 168, "elementStride": 0}
                    },
                    "sizes": [
                        {"kind": "constantBuffer", "value": 1}
                    ]
                }
            },
            {
                "name": "tx",
                "binding": {"kind": "shaderResource", "index": 0},
                "type": {
                    "kind": "resource",
                    "baseShape": "texture2D",
                    "resultType": {
                        "kind": "vector",
                        "elementCount": 4,
                        "elementType": {
                            "kind": "scalar",
                            "scalarType": "float32"
                        }
                    },
                    "sizes": [
                        {"kind": "shaderResource", "value": 1}
                    ]
                }
            },
            {
                "name": "ta",
                "binding": {"kind": "shaderResource", "index": 1, "count": 16},
                "type": {
                    "kind": "array",
                    "elementCount": 16,
                    "elementType": {
                        "kind": "resource",
                        "baseShape": "texture2D",
                        "resultType": {
                            "kind": "vector",
                            "elementCount": 4,
                            "elementType": {
                                "kind": "scalar",
                                "scalarType": "float32"
                            }
                        },
                        "sizes": [
                            {"kind": "shaderResource", "value": 1}
                        ]
                    },
                    "sizes": [
                        {"kind": "shaderResource", "value": 16}
                    ]
                }
            },
            {
                "name": "ty",
                "binding": {"kind": "shaderResource", "index": 17},
                "type": {
                    "kind": "resource",
                    "baseShape": "texture2D",
                    "resultType": {
                        "kind": "vector",
                        "elementCount": 4,
                        "elementType": {
                            "kind": "scalar",
                            "scalarType": "float32"
                        }
                    },
                    "sizes": [
                        {"kind": "shaderResource", "value": 1}
                    ]
                }
            },
            {
                "name": "sx",
                "binding": {"kind": "samplerState", "index": 0},
                "type": {
                    "kind": "samplerState",
                    "sizes": [
                        {"kind": "samplerState", "value": 1}
                    ]
                }
            },
            {
                "name": "sa",
                "binding": {"kind": "samplerState", "index": 1, "count": 4},
                "type": {
                    "kind": "array",
                    "elementCount": 4,
                    "elementType": {
                        "kind": "samplerState",
                        "sizes": [
                            {"kind": "samplerState", "value": 1}
                        ]
                    },
                    "sizes": [
                        {"kind": "samplerState", "value": 4}
                    ]
                }
            },
            {
                "name": "sy",
                "binding": {"kind": "samplerState", "index": 5},
                "type": {
                    "kind": "samplerState",
                    "sizes": [
                        {"kind": "samplerState", "value": 1}
                    ]
                }
            }
        ]
    },
    "entryPoints": [
        {
            "name": "main",
            "stage": "fragment",
            "scope": {
                "kind": "none",
                "parameters": [

                ]
            },
            "result": {
                "stage": "fragment",
                "binding": {"kind": "varyingOutput", "index": 0},
                "semanticName": "SV_TARGET",
                "type": {
                    "kind": "vector",
                    "elementCount": 4,
                    "elementType": {
                        "kind": "scalar",
                        "scalarType": "float32"
                    },
                    "sizes": [
                        {"kind": "varyingOutput", "value": 1}
                    ]
                }
            }
        }
    ]
}
}
