result code = 0
standard error = {
}
standard output = {
{
    "parameters": [
        {
            "name": "MyConstantBuffer",
            "bindings": [
                {"kind": "constantBuffer", "index": 0},
                {"kind": "shaderResource", "index": 0},
                {"kind": "samplerState", "index": 0}
            ],
            "type": {
                "kind": "constantBuffer",
                "elementType": {
                    "kind": "struct",
                    "fields": [
                        {
                            "name": "v",
                            "type": {
                                "kind": "vector",
                                "elementCount": 3,
                                "elementType": {
                                    "kind": "scalar",
                                    "scalarType": "float32"
                                },
                                "sizes": [
                                    {"kind": "uniform", "value": 12, "alignment": 4}
                                ]
                            },
                            "binding": {"kind": "uniform", "offset": 0, "size": 12, "elementStride": 4}
                        },
                        {
                            "name": "myTexture",
                            "type": {
                                "kind": "resource",
                                "baseShape": "texture2D",
                                "resultType": {
                                    "kind": "vector",
                                    "elementCount": 4,
                                    "elementType": {
                                        "kind": "scalar",
                                        "scalarType": "float32"
                                    }
                                },
                                "sizes": [
                                    {"kind": "shaderResource", "value": 1}
                                ]
                            },
                            "binding": {"kind": "shaderResource", "index": 0}
                        },
                        {
                            "name": "c",
                            "type": {
                                "kind": "scalar",
                                "scalarType": "float32",
                                "sizes": [
                                    {"kind": "uniform", "value": 4, "alignment": 4}
                                ]
                            },
                            "binding": {"kind": "uniform", "offset": 12, "size": 4, "elementStride": 0}
                        },
                        {
                            "name": "mySampler",
                            "type": {
                                "kind": "samplerState",
                                "sizes": [
                                    {"kind": "samplerState", "value": 1}
                                ]
                            },
                            "binding": {"kind": "samplerState", "index": 0}
                        }
                    ],
                    "sizes": [
                        {"kind": "shaderResource", "value": 1},
                        {"kind": "samplerState", "value": 1},
                        {"kind": "uniform", "value": 16, "alignment": 16}
                    ]
                },
                "containerVarLayout": {
                    "binding": {"kind": "constantBuffer", "index": 0}
                },
                "elementVarLayout": {
                    "type": {
                        "kind": "struct",
                        "fields": [
                            {
                                "name": "v",
                                "type": {
                                    "kind": "vector",
                                    "elementCount": 3,
                                    "elementType": {
                                        "kind": "scalar",
                                        "scalarType": "float32"
                                    },
                                    "sizes": [
                                        {"kind": "uniform", "value": 12, "alignment": 4}
                                    ]
                                },
                                "binding": {"kind": "uniform", "offset": 0, "size": 12, "elementStride": 4}
                            },
                            {
                                "name": "myTexture",
                                "type": {
                                    "kind": "resource",
                                    "baseShape": "texture2D",
                                    "resultType": {
                                        "kind": "vector",
                                        "elementCount": 4,
                                        "elementType": {
                                            "kind": "scalar",
                                            "scalarType": "float32"
                                        }
                                    },
                                    "sizes": [
                                        {"kind": "shaderResource", "value": 1}
                                    ]
                                },
                                "binding": {"kind": "shaderResource", "index": 0}
                            },
                            {
                                "name": "c",
                                "type": {
                                    "kind": "scalar",
                                    "scalarType": "float32",
                                    "sizes": [
                                        {"kind": "uniform", "value": 4, "alignment": 4}
                                    ]
                                },
                                "binding": {"kind": "uniform", "offset": 12, "size": 4, "elementStride": 0}
                            },
                            {
                                "name": "mySampler",
                                "type": {
                                    "kind": "samplerState",
                                    "sizes": [
                                        {"kind": "samplerState", "value": 1}
                                    ]
                                },
                                "binding": {"kind": "samplerState", "index": 0}
                            }
                        ],
                        "sizes": [
                            {"kind": "shaderResource", "value": 1},
                            {"kind": "samplerState", "value": 1},
                            {"kind": "uniform", "value": 16, "alignment": 16}
                        ]
                    },
                    "bindings": [
                        {"kind": "shaderResource", "index": 0},
                        {"kind": "samplerState", "index": 0},
                        {"kind": "uniform", "offset": 0, "size": 16, "elementStride": 0}
                    ]
                },
                "sizes": [
                    {"kind": "constantBuffer", "value": 1},
                    {"kind": "shaderResource", "value": 1},
                    {"kind": "samplerState", "value": 1}
                ]
            }
        }
    ],
    "entryPoints": [
        {
            "name": "main",
            "stage": "fragment",
            "result": {
                "stage": "fragment",
                "binding": {"kind": "varyingOutput", "index": 0},
                "semanticName": "SV_TARGET",
                "type": {
                    "kind": "vector",
                    "elementCount": 4,
                    "elementType": {
                        "kind": "scalar",
                        "scalarType": "float32"
                    },
                    "sizes": [
                        {"kind": "varyingOutput", "value": 1}
                    ]
                }
            }
        }
    ]
}
}
