result code = 0
standard error = {
}
standard output = {
{
    "parameters": [
        {
            "name": "b",
            "binding": {"kind": "unorderedAccess", "index": 0},
            "type": {
                "kind": "resource",
                "baseShape": "structuredBuffer",
                "access": "readWrite",
                "resultType": {
                    "kind": "scalar",
                    "scalarType": "float32"
                }
            }
        }
    ],
    "entryPoints": [
        {
            "name": "main",
            "stage:": "compute",
            "parameters": [
                {
                    "name": "tid",
                    "semanticName": "SV_DISPATCHTHREADID",
                    "type": {
                        "kind": "vector",
                        "elementCount": 3,
                        "elementType": {
                            "kind": "scalar",
                            "scalarType": "uint32"
                        }
                    }
                }
            ],
            "threadGroupSize": [3, 5, 7]
        }
    ]
}
}
