result code = 0
standard error = {
}
standard output = {
{
    "parameters": [
        {
            "name": "cb",
            "binding": {"kind": "constantBuffer", "index": 0},
            "type": {
                "kind": "constantBuffer",
                "elementType": {
                    "kind": "struct",
                    "name": "S",
                    "fields": [
                        {
                            "name": "a",
                            "type": {
                                "kind": "vector",
                                "elementCount": 3,
                                "elementType": {
                                    "kind": "scalar",
                                    "scalarType": "float32"
                                },
                                "sizes": [
                                    {"kind": "uniform", "value": 12, "alignment": 4}
                                ]
                            },
                            "binding": {"kind": "uniform", "offset": 0, "size": 12, "elementStride": 4}
                        },
                        {
                            "name": "b",
                            "type": {
                                "kind": "scalar",
                                "scalarType": "float32",
                                "sizes": [
                                    {"kind": "uniform", "value": 4, "alignment": 4}
                                ]
                            },
                            "binding": {"kind": "uniform", "offset": 12, "size": 4, "elementStride": 0}
                        },
                        {
                            "name": "c",
                            "type": {
                                "kind": "array",
                                "elementCount": 2,
                                "elementType": {
                                    "kind": "vector",
                                    "elementCount": 4,
                                    "elementType": {
                                        "kind": "scalar",
                                        "scalarType": "float32"
                                    },
                                    "sizes": [
                                        {"kind": "uniform", "value": 16, "alignment": 4}
                                    ]
                                },
                                "uniformStride": 16,
                                "sizes": [
                                    {"kind": "uniform", "value": 32, "alignment": 16}
                                ]
                            },
                            "binding": {"kind": "uniform", "offset": 16, "size": 32, "elementStride": 16}
                        }
                    ],
                    "sizes": [
                        {"kind": "uniform", "value": 48, "alignment": 16}
                    ]
                },
                "containerVarLayout": {
                    "binding": {"kind": "constantBuffer", "index": 0}
                },
                "elementVarLayout": {
                    "type": {
                        "kind": "struct",
                        "name": "S",
                        "fields": [
                            {
                                "name": "a",
                                "type": {
                                    "kind": "vector",
                                    "elementCount": 3,
                                    "elementType": {
                                        "kind": "scalar",
                                        "scalarType": "float32"
                                    },
                                    "sizes": [
                                        {"kind": "uniform", "value": 12, "alignment": 4}
                                    ]
                                },
                                "binding": {"kind": "uniform", "offset": 0, "size": 12, "elementStride": 4}
                            },
                            {
                                "name": "b",
                                "type": {
                                    "kind": "scalar",
                                    "scalarType": "float32",
                                    "sizes": [
                                        {"kind": "uniform", "value": 4, "alignment": 4}
                                    ]
                                },
                                "binding": {"kind": "uniform", "offset": 12, "size": 4, "elementStride": 0}
                            },
                            {
                                "name": "c",
                                "type": {
                                    "kind": "array",
                                    "elementCount": 2,
                                    "elementType": {
                                        "kind": "vector",
                                        "elementCount": 4,
                                        "elementType": {
                                            "kind": "scalar",
                                            "scalarType": "float32"
                                        },
                                        "sizes": [
                                            {"kind": "uniform", "value": 16, "alignment": 4}
                                        ]
                                    },
                                    "uniformStride": 16,
                                    "sizes": [
                                        {"kind": "uniform", "value": 32, "alignment": 16}
                                    ]
                                },
                                "binding": {"kind": "uniform", "offset": 16, "size": 32, "elementStride": 16}
                            }
                        ],
                        "sizes": [
                            {"kind": "uniform", "value": 48, "alignment": 16}
                        ]
                    },
                    "binding": {"kind": "uniform", "offset": 0, "size": 48, "elementStride": 0}
                },
                "sizes": [
                    {"kind": "constantBuffer", "value": 1}
                ]
            }
        },
        {
            "name": "buf",
            "binding": {"kind": "shaderResource", "index": 0},
            "type": {
                "kind": "resource",
                "baseShape": "structuredBuffer",
                "resultType": {
                    "kind": "scalar",
                    "scalarType": "uint32",
                    "sizes": [
                        {"kind": "uniform", "value": 4, "alignment": 4}
                    ]
                },
                "sizes": [
                    {"kind": "shaderResource", "value": 1}
                ]
            }
        },
        {
            "name": "outBuf",
            "binding": {"kind": "unorderedAccess", "index": 0},
            "type": {
                "kind": "resource",
                "baseShape": "structuredBuffer",
                "access": "readWrite",
                "resultType": {
                    "kind": "scalar",
                    "scalarType": "float32",
                    "sizes": [
                        {"kind": "uniform", "value": 4, "alignment": 4}
                    ]
                },
                "sizes": [
                    {"kind": "unorderedAccess", "value": 1}
                ]
            }
        }
    ],
    "entryPoints": [
        {
            "name": "main",
            "stage": "compute",
            "threadGroupSize": [1, 1, 1]
        }
    ]
}
}
