result code = 0
standard error = {
}
standard output = {
{
    "parameters": [
        {
            "name": "c",
            "binding": {"kind": "descriptorTableSlot", "index": 3},
            "type": {
                "kind": "constantBuffer",
                "elementType": {
                    "kind": "struct",
                    "name": "Data",
                    "fields": [
                        {
                            "name": "used0",
                            "type": {
                                "kind": "scalar",
                                "scalarType": "float32"
                            },
                            "binding": {"kind": "uniform", "offset": 0, "size": 4, "elementStride": 0}
                        },
                        {
                            "name": "unused1",
                            "type": {
                                "kind": "scalar",
                                "scalarType": "float32"
                            },
                            "binding": {"kind": "uniform", "offset": 4, "size": 4, "elementStride": 0}
                        },
                        {
                            "name": "used2",
                            "type": {
                                "kind": "scalar",
                                "scalarType": "float32"
                            },
                            "binding": {"kind": "uniform", "offset": 8, "size": 4, "elementStride": 0}
                        },
                        {
                            "name": "unused3",
                            "type": {
                                "kind": "scalar",
                                "scalarType": "float32"
                            },
                            "binding": {"kind": "uniform", "offset": 12, "size": 4, "elementStride": 0}
                        }
                    ]
                },
                "containerVarLayout": {
                    "binding": {"kind": "descriptorTableSlot", "index": 0}
                },
                "elementVarLayout": {
                    "type": {
                        "kind": "struct",
                        "name": "Data",
                        "fields": [
                            {
                                "name": "used0",
                                "type": {
                                    "kind": "scalar",
                                    "scalarType": "float32"
                                },
                                "binding": {"kind": "uniform", "offset": 0, "size": 4, "elementStride": 0}
                            },
                            {
                                "name": "unused1",
                                "type": {
                                    "kind": "scalar",
                                    "scalarType": "float32"
                                },
                                "binding": {"kind": "uniform", "offset": 4, "size": 4, "elementStride": 0}
                            },
                            {
                                "name": "used2",
                                "type": {
                                    "kind": "scalar",
                                    "scalarType": "float32"
                                },
                                "binding": {"kind": "uniform", "offset": 8, "size": 4, "elementStride": 0}
                            },
                            {
                                "name": "unused3",
                                "type": {
                                    "kind": "scalar",
                                    "scalarType": "float32"
                                },
                                "binding": {"kind": "uniform", "offset": 12, "size": 4, "elementStride": 0}
                            }
                        ]
                    },
                    "binding": {"kind": "uniform", "offset": 0, "size": 16, "elementStride": 0}
                }
            }
        },
        {
            "name": "outBuf",
            "binding": {"kind": "descriptorTableSlot", "index": 0},
            "type": {
                "kind": "resource",
                "baseShape": "structuredBuffer",
                "access": "readWrite",
                "resultType": {
                    "kind": "scalar",
                    "scalarType": "float32"
                }
            }
        }
    ],
    "entryPoints": [
        {
            "name": "main",
            "stage": "compute",
            "threadGroupSize": [1, 1, 1],
            "bindings": [
                {
                    "name": "c",
                    "binding": {"kind": "descriptorTableSlot", "index": 3},
                    "usedByteRanges": [
                        {"offset": 0, "size": 4},
                        {"offset": 8, "size": 4}
                    ]
                },
                {
                    "name": "outBuf",
                    "binding": {"kind": "descriptorTableSlot", "index": 0, "used": 1}
                }
            ]
        }
    ],
    "bindlessSpaceIndex": 1
}
}
