result code = 0
standard error = {
}
standard output = {
{
    "parameters": [
        {
            "name": "CB",
            "binding": {"kind": "constantBuffer", "index": 0},
            "type": {
                "kind": "constantBuffer",
                "elementType": {
                    "kind": "struct",
                    "fields": [
                        {
                            "name": "colors",
                            "type": {
                                "kind": "array",
                                "elementCount": 4,
                                "elementType": {
                                    "kind": "vector",
                                    "elementCount": 4,
                                    "elementType": {
                                        "kind": "scalar",
                                        "scalarType": "float32"
                                    }
                                },
                                "uniformStride": 16
                            },
                            "binding": {"kind": "uniform", "offset": 0, "size": 64, "elementStride": 16}
                        },
                        {
                            "name": "misc",
                            "type": {
                                "kind": "vector",
                                "elementCount": 4,
                                "elementType": {
                                    "kind": "scalar",
                                    "scalarType": "float32"
                                }
                            },
                            "binding": {"kind": "uniform", "offset": 64, "size": 16, "elementStride": 4}
                        }
                    ]
                },
                "containerVarLayout": {
                    "binding": {"kind": "constantBuffer", "index": 0}
                },
                "elementVarLayout": {
                    "type": {
                        "kind": "struct",
                        "fields": [
                            {
                                "name": "colors",
                                "type": {
                                    "kind": "array",
                                    "elementCount": 4,
                                    "elementType": {
                                        "kind": "vector",
                                        "elementCount": 4,
                                        "elementType": {
                                            "kind": "scalar",
                                            "scalarType": "float32"
                                        }
                                    },
                                    "uniformStride": 16
                                },
                                "binding": {"kind": "uniform", "offset": 0, "size": 64, "elementStride": 16}
                            },
                            {
                                "name": "misc",
                                "type": {
                                    "kind": "vector",
                                    "elementCount": 4,
                                    "elementType": {
                                        "kind": "scalar",
                                        "scalarType": "float32"
                                    }
                                },
                                "binding": {"kind": "uniform", "offset": 64, "size": 16, "elementStride": 4}
                            }
                        ]
                    },
                    "binding": {"kind": "uniform", "offset": 0, "size": 80, "elementStride": 0}
                }
            }
        },
        {
            "name": "outBuf",
            "binding": {"kind": "unorderedAccess", "index": 0},
            "type": {
                "kind": "resource",
                "baseShape": "structuredBuffer",
                "access": "readWrite",
                "resultType": {
                    "kind": "vector",
                    "elementCount": 4,
                    "elementType": {
                        "kind": "scalar",
                        "scalarType": "float32"
                    }
                }
            }
        }
    ],
    "entryPoints": [
        {
            "name": "main",
            "stage": "compute",
            "parameters": [
                {
                    "name": "tid",
                    "semanticName": "SV_DISPATCHTHREADID",
                    "type": {
                        "kind": "scalar",
                        "scalarType": "uint32"
                    }
                }
            ],
            "threadGroupSize": [1, 1, 1],
            "bindings": [
                {
                    "name": "CB",
                    "binding": {"kind": "constantBuffer", "index": 0, "used": 1},
                    "usedByteRanges": [
                        {"offset": 0, "size": 16},
                        {"offset": 32, "size": 16}
                    ]
                },
                {
                    "name": "outBuf",
                    "binding": {"kind": "unorderedAccess", "index": 0, "used": 1}
                }
            ]
        }
    ]
}
}
