Cloning into '/workspace/agent/wt-slang-11970/external/WindowsToolchain'...
Cloning into '/workspace/agent/wt-slang-11970/external/cmark'...
Cloning into '/workspace/agent/wt-slang-11970/external/fast_float'...
Cloning into '/workspace/agent/wt-slang-11970/external/glm'...
Cloning into '/workspace/agent/wt-slang-11970/external/glslang'...
Cloning into '/workspace/agent/wt-slang-11970/external/imgui'...
Cloning into '/workspace/agent/wt-slang-11970/external/lua'...
Cloning into '/workspace/agent/wt-slang-11970/external/lz4'...
Cloning into '/workspace/agent/wt-slang-11970/external/metal-cpp'...
Cloning into '/workspace/agent/wt-slang-11970/external/mimalloc'...
Cloning into '/workspace/agent/wt-slang-11970/external/miniz'...
Cloning into '/workspace/agent/wt-slang-11970/external/optix-dev'...
Cloning into '/workspace/agent/wt-slang-11970/external/slang-rhi'...
Cloning into '/workspace/agent/wt-slang-11970/external/spirv-headers'...
Cloning into '/workspace/agent/wt-slang-11970/external/spirv-tools'...
Cloning into '/workspace/agent/wt-slang-11970/external/tinyobjloader'...
Cloning into '/workspace/agent/wt-slang-11970/external/unordered_dense'...
Cloning into '/workspace/agent/wt-slang-11970/external/vulkan'...
Submodule path 'external/WindowsToolchain': checked out '9dc178a86fcbbf13c94b4cd4cb046f238d26c8da'
Submodule path 'external/cmark': checked out '924936d0427cb25a61169739a7660230bffa6ea6'
Submodule path 'external/fast_float': checked out 'e0b53eaf63c6d00e0725788ef1dbb759aa321d79'
Submodule path 'external/glm': checked out 'efec5db081e3aad807d0731e172ac597f6a39447'
Submodule path 'external/glslang': checked out 'd1f52c8993a501bd52d4fbd044bfeb9ecdceb9f4'
Submodule path 'external/imgui': checked out '8936b58fe26e8c3da834b8f60b06511d537b4c63'
Submodule path 'external/lua': checked out '3fe7be956f23385aa1950dc31e2f25127ccfc0ea'
Submodule path 'external/lz4': checked out '7f71be01f2c6f6b2c3cddb67eef8c38eab12ffd4'
Submodule path 'external/metal-cpp': checked out 'a63bd172ddcba73a3d87ca32032b66ad41ddb9a6'
Submodule path 'external/mimalloc': checked out '8c532c32c3c96e5ba1f2283e032f69ead8add00f'
Submodule path 'external/miniz': checked out '6ef6c68f4fcbb8287aa8edf9c6670804932f41c6'
Submodule path 'external/optix-dev': checked out 'a1280c1863ff19d87f8e827468a4cc906ba9032a'
Submodule path 'external/slang-rhi': checked out '29dc332e55d8b6afa2e532cbf07d98d34bd9b029'
Submodule path 'external/spirv-headers': checked out '29981f65241605e08b0ede4cfeb999fe3b723c6a'
Submodule path 'external/spirv-tools': checked out '0d6fd73ca73830ccab5fa1f00ed5ed40124e2c55'
Submodule path 'external/tinyobjloader': checked out 'd541711a794343de4ef5ea76f037c9fb9c127a55'
Submodule path 'external/unordered_dense': checked out '73f3cbb237e84d483afafc743f1f14ec53e12314'
Submodule path 'external/vulkan': checked out '387259ecf4b0fe0cfac161b1d0b0a74e42796710'
