[0/2] Re-checking globbed directories...
[1/1453] Generating dxc/include/dx/linalg.h
[2/1453] Building C object external/miniz/CMakeFiles/miniz.dir/Debug/miniz.c.o
[3/1453] Building C object external/lz4/build/cmake/CMakeFiles/lz4_static.dir/Debug/__/__/lib/lz4file.c.o
[4/1453] Building C object external/cmark/src/CMakeFiles/libcmark-gfm.dir/Debug/arena.c.o
[5/1453] Building C object external/lz4/build/cmake/CMakeFiles/lz4_static.dir/Debug/__/__/lib/xxhash.c.o
[6/1453] Building C object external/miniz/CMakeFiles/miniz.dir/Debug/miniz_tinfl.c.o
[7/1453] Building C object external/cmark/src/CMakeFiles/libcmark-gfm.dir/Debug/buffer.c.o
[8/1453] Building C object external/cmark/src/CMakeFiles/libcmark-gfm.dir/Debug/cmark.c.o
[9/1453] Building C object external/lz4/build/cmake/CMakeFiles/lz4_static.dir/Debug/__/__/lib/lz4frame.c.o
[10/1453] Building C object external/cmark/src/CMakeFiles/libcmark-gfm.dir/Debug/cmark_ctype.c.o
[11/1453] Building C object external/cmark/src/CMakeFiles/libcmark-gfm.dir/Debug/footnotes.c.o
[12/1453] Building C object external/miniz/CMakeFiles/miniz.dir/Debug/miniz_tdef.c.o
[13/1453] Generating Debug/lib/libslang-llvm.so
[14/1453] Building C object external/cmark/src/CMakeFiles/libcmark-gfm.dir/Debug/houdini_html_e.c.o
[15/1453] Building C object external/cmark/src/CMakeFiles/libcmark-gfm.dir/Debug/houdini_href_e.c.o
[16/1453] Building C object external/cmark/src/CMakeFiles/libcmark-gfm.dir/Debug/commonmark.c.o
[17/1453] Building C object external/cmark/src/CMakeFiles/libcmark-gfm.dir/Debug/html.c.o
[18/1453] Building C object external/cmark/src/CMakeFiles/libcmark-gfm.dir/Debug/linked_list.c.o
[19/1453] Building C object external/cmark/src/CMakeFiles/libcmark-gfm.dir/Debug/houdini_html_u.c.o
[20/1453] Building C object external/cmark/src/CMakeFiles/libcmark-gfm.dir/Debug/iterator.c.o
[21/1453] Building C object external/cmark/src/CMakeFiles/libcmark-gfm.dir/Debug/latex.c.o
[22/1453] Building C object external/cmark/src/CMakeFiles/libcmark-gfm.dir/Debug/man.c.o
[23/1453] Building C object external/cmark/src/CMakeFiles/libcmark-gfm.dir/Debug/inlines.c.o
[24/1453] Building C object external/cmark/src/CMakeFiles/libcmark-gfm.dir/Debug/map.c.o
[25/1453] Building C object external/cmark/src/CMakeFiles/libcmark-gfm.dir/Debug/blocks.c.o
[26/1453] Building C object external/cmark/src/CMakeFiles/libcmark-gfm.dir/Debug/plugin.c.o
[27/1453] Building C object external/cmark/src/CMakeFiles/libcmark-gfm.dir/Debug/plaintext.c.o
[28/1453] Building C object external/cmark/src/CMakeFiles/libcmark-gfm.dir/Debug/node.c.o
[29/1453] Building C object external/cmark/src/CMakeFiles/libcmark-gfm.dir/Debug/references.c.o
[30/1453] Building C object external/cmark/src/CMakeFiles/libcmark-gfm.dir/Debug/registry.c.o
[31/1453] Building C object external/cmark/src/CMakeFiles/libcmark-gfm.dir/Debug/render.c.o
[32/1453] Building C object external/cmark/src/CMakeFiles/libcmark-gfm.dir/Debug/syntax_extension.c.o
[33/1453] Generate language specific header for DebugInfo.
[34/1453] Building C object external/cmark/src/CMakeFiles/libcmark-gfm.dir/Debug/xml.c.o
[35/1453] Generating slang-rhi-resources resource loader
[36/1453] Generate language specific header for OpenCLDebugInfo100.
[37/1453] Generating intermediate file for /workspace/agent/wt-slang-11083/external/slang-rhi/src/cuda/kernels/clear-texture.cu
[38/1453] Copying optix_device_impl.h
[39/1453] Generating intermediate file for /workspace/agent/wt-slang-11083/external/slang-rhi/src/metal/shaders/clear-texture.metal
[40/1453] Generate grammar tables
[41/1453] Copying optix_device_impl_transformations.h
[42/1453] Generate tables based on the SPIR-V XML registry.
[43/1453] Building CXX object external/slang-rhi/CMakeFiles/slang-rhi-resources.dir/Debug/__cmrc_slang-rhi-resources/intermediate/src/cuda/kernels/clear-texture.cu.cpp.o
[44/1453] Update build-version.inc in the SPIRV-Tools build directory (if necessary).
[45/1453] Building C object external/miniz/CMakeFiles/miniz.dir/Debug/miniz_zip.c.o
[46/1453] Building CXX object external/slang-rhi/CMakeFiles/slang-rhi-resources.dir/Debug/__cmrc_slang-rhi-resources/intermediate/src/metal/shaders/clear-texture.metal.cpp.o
[47/1453] Building C object external/lz4/build/cmake/CMakeFiles/lz4_static.dir/Debug/__/__/lib/lz4hc.c.o
[48/1453] Building C object external/cmark/src/CMakeFiles/libcmark-gfm.dir/Debug/utf8.c.o
[49/1453] Linking C static library external/miniz/Debug/libminiz.a
[50/1453] Building C object external/lz4/build/cmake/CMakeFiles/lz4_static.dir/Debug/__/__/lib/lz4.c.o
[51/1453] Building CXX object external/spirv-tools/source/CMakeFiles/SPIRV-Tools-static.dir/Debug/util/bit_vector.cpp.o
[52/1453] Building CXX object external/spirv-tools/source/CMakeFiles/SPIRV-Tools-static.dir/Debug/util/string_utils.cpp.o
[53/1453] Linking C static library external/lz4/build/cmake/Debug/liblz4.a
[54/1453] Building CXX object external/spirv-tools/source/CMakeFiles/SPIRV-Tools-static.dir/Debug/assembly_grammar.cpp.o
[55/1453] Building CXX object external/slang-rhi/CMakeFiles/slang-rhi-resources.dir/Debug/__cmrc_slang-rhi-resources/lib.cpp.o
[56/1453] Building CXX object external/spirv-tools/source/CMakeFiles/SPIRV-Tools-static.dir/Debug/ext_inst.cpp.o
[57/1453] Building CXX object external/spirv-tools/source/CMakeFiles/SPIRV-Tools-static.dir/Debug/diagnostic.cpp.o
[58/1453] Building C object external/cmark/src/CMakeFiles/libcmark-gfm.dir/Debug/scanners.c.o
[59/1453] Linking C static library external/cmark/src/Debug/libcmark-gfm.a
[60/1453] Building CXX object external/spirv-tools/source/CMakeFiles/SPIRV-Tools-static.dir/Debug/extensions.cpp.o
[61/1453] Building CXX object external/spirv-tools/source/CMakeFiles/SPIRV-Tools-static.dir/Debug/libspirv.cpp.o
[62/1453] Building CXX object external/spirv-tools/source/CMakeFiles/SPIRV-Tools-static.dir/Debug/opcode.cpp.o
[63/1453] Building CXX object external/spirv-tools/source/CMakeFiles/SPIRV-Tools-static.dir/Debug/software_version.cpp.o
[64/1453] Building CXX object external/spirv-tools/source/CMakeFiles/SPIRV-Tools-static.dir/Debug/spirv_endian.cpp.o
[65/1453] Building CXX object external/spirv-tools/source/CMakeFiles/SPIRV-Tools-static.dir/Debug/binary.cpp.o
[66/1453] Building CXX object external/spirv-tools/source/CMakeFiles/SPIRV-Tools-static.dir/Debug/spirv_optimizer_options.cpp.o
[67/1453] Building CXX object external/spirv-tools/source/CMakeFiles/SPIRV-Tools-static.dir/Debug/print.cpp.o
[68/1453] Building CXX object external/spirv-tools/source/CMakeFiles/SPIRV-Tools-static.dir/Debug/spirv_reducer_options.cpp.o
[69/1453] Building CXX object external/spirv-tools/source/CMakeFiles/SPIRV-Tools-static.dir/Debug/spirv_validator_options.cpp.o
[70/1453] Building CXX object external/spirv-tools/source/CMakeFiles/SPIRV-Tools-static.dir/Debug/spirv_target_env.cpp.o
[71/1453] Building CXX object external/spirv-tools/source/CMakeFiles/SPIRV-Tools-static.dir/Debug/name_mapper.cpp.o
[72/1453] Building CXX object external/spirv-tools/source/CMakeFiles/SPIRV-Tools-static.dir/Debug/spirv_fuzzer_options.cpp.o
[73/1453] Building CXX object external/spirv-tools/source/CMakeFiles/SPIRV-Tools-static.dir/Debug/util/parse_number.cpp.o
[74/1453] Building CXX object external/spirv-tools/source/CMakeFiles/SPIRV-Tools-static.dir/Debug/disassemble.cpp.o
[75/1453] Building CXX object external/spirv-tools/source/CMakeFiles/SPIRV-Tools-static.dir/Debug/parsed_operand.cpp.o
[76/1453] Building CXX object external/slang-rhi/CMakeFiles/slang-rhi-vma.dir/Debug/external/vma/vk_mem_alloc.cpp.o
[77/1453] Building CXX object external/spirv-tools/source/CMakeFiles/SPIRV-Tools-static.dir/Debug/to_string.cpp.o
[78/1453] Building CXX object external/spirv-tools/source/CMakeFiles/SPIRV-Tools-static.dir/Debug/operand.cpp.o
[79/1453] Building CXX object external/spirv-tools/source/CMakeFiles/SPIRV-Tools-static.dir/Debug/table.cpp.o
[80/1453] Building CXX object external/spirv-tools/source/CMakeFiles/SPIRV-Tools-static.dir/Debug/table2.cpp.o
[81/1453] Building CXX object external/spirv-tools/source/CMakeFiles/SPIRV-Tools-static.dir/Debug/text.cpp.o
[82/1453] Building CXX object external/spirv-tools/source/CMakeFiles/SPIRV-Tools-static.dir/Debug/val/validate_adjacency.cpp.o
[83/1453] Building CXX object external/spirv-tools/source/CMakeFiles/SPIRV-Tools-static.dir/Debug/text_handler.cpp.o
[84/1453] Building CXX object external/spirv-tools/source/CMakeFiles/SPIRV-Tools-static.dir/Debug/val/validate_barriers.cpp.o
[85/1453] Building CXX object external/spirv-tools/source/CMakeFiles/SPIRV-Tools-static.dir/Debug/val/validate_atomics.cpp.o
[86/1453] Building CXX object external/spirv-tools/source/CMakeFiles/SPIRV-Tools-static.dir/Debug/val/validate_arithmetics.cpp.o
[87/1453] Building CXX object external/spirv-tools/source/CMakeFiles/SPIRV-Tools-static.dir/Debug/val/validate_annotation.cpp.o
[88/1453] Building CXX object external/spirv-tools/source/CMakeFiles/SPIRV-Tools-static.dir/Debug/val/validate_bitwise.cpp.o
[89/1453] Building CXX object external/spirv-tools/source/CMakeFiles/SPIRV-Tools-static.dir/Debug/val/validate.cpp.o
[90/1453] Building CXX object external/spirv-tools/source/CMakeFiles/SPIRV-Tools-static.dir/Debug/val/validate_capability.cpp.o
[91/1453] Building CXX object external/spirv-tools/source/CMakeFiles/SPIRV-Tools-static.dir/Debug/val/validate_constants.cpp.o
[92/1453] Building CXX object external/spirv-tools/source/CMakeFiles/SPIRV-Tools-static.dir/Debug/val/validate_composites.cpp.o
[93/1453] Building CXX object external/spirv-tools/source/CMakeFiles/SPIRV-Tools-static.dir/Debug/val/validate_debug.cpp.o
[94/1453] Building CXX object external/spirv-tools/source/CMakeFiles/SPIRV-Tools-static.dir/Debug/val/validate_conversion.cpp.o
[95/1453] Building CXX object external/spirv-tools/source/CMakeFiles/SPIRV-Tools-static.dir/Debug/val/validate_derivatives.cpp.o
[96/1453] Building CXX object external/spirv-tools/source/CMakeFiles/SPIRV-Tools-static.dir/Debug/val/validate_dot_product.cpp.o
[97/1453] Building CXX object external/spirv-tools/source/CMakeFiles/SPIRV-Tools-static.dir/Debug/val/validate_cfg.cpp.o
[98/1453] Building CXX object external/spirv-tools/source/CMakeFiles/SPIRV-Tools-static.dir/Debug/val/validate_execution_limitations.cpp.o
[99/1453] Building CXX object external/spirv-tools/source/CMakeFiles/SPIRV-Tools-static.dir/Debug/val/validate_decorations.cpp.o
[100/1453] Building CXX object external/spirv-tools/source/CMakeFiles/SPIRV-Tools-static.dir/Debug/val/validate_function.cpp.o
[101/1453] Building CXX object external/spirv-tools/source/CMakeFiles/SPIRV-Tools-static.dir/Debug/val/validate_id.cpp.o
[102/1453] Building CXX object external/spirv-tools/source/CMakeFiles/SPIRV-Tools-static.dir/Debug/val/validate_extensions.cpp.o
[103/1453] Building CXX object external/spirv-tools/source/CMakeFiles/SPIRV-Tools-static.dir/Debug/val/validate_group.cpp.o
[104/1453] Building CXX object external/spirv-tools/source/CMakeFiles/SPIRV-Tools-static.dir/Debug/val/validate_graph.cpp.o
[105/1453] Building CXX object external/spirv-tools/source/CMakeFiles/SPIRV-Tools-static.dir/Debug/val/validate_builtins.cpp.o
[106/1453] Building CXX object external/spirv-tools/source/CMakeFiles/SPIRV-Tools-static.dir/Debug/val/validate_instruction.cpp.o
[107/1453] Building CXX object external/spirv-tools/source/CMakeFiles/SPIRV-Tools-static.dir/Debug/val/validate_layout.cpp.o
[108/1453] Building CXX object external/spirv-tools/source/CMakeFiles/SPIRV-Tools-static.dir/Debug/val/validate_image.cpp.o
[109/1453] Building CXX object external/spirv-tools/source/CMakeFiles/SPIRV-Tools-static.dir/Debug/val/validate_literals.cpp.o
[110/1453] Building CXX object external/spirv-tools/source/CMakeFiles/SPIRV-Tools-static.dir/Debug/val/validate_interfaces.cpp.o
[111/1453] Building CXX object external/spirv-tools/source/CMakeFiles/SPIRV-Tools-static.dir/Debug/val/validate_memory_semantics.cpp.o
[112/1453] Building CXX object external/spirv-tools/source/CMakeFiles/SPIRV-Tools-static.dir/Debug/val/validate_logicals.cpp.o
[113/1453] Building CXX object external/spirv-tools/source/CMakeFiles/SPIRV-Tools-static.dir/Debug/val/validate_memory.cpp.o
[114/1453] Building CXX object external/spirv-tools/source/CMakeFiles/SPIRV-Tools-static.dir/Debug/val/validate_logical_pointers.cpp.o
[115/1453] Building CXX object external/spirv-tools/source/CMakeFiles/SPIRV-Tools-static.dir/Debug/val/validate_non_uniform.cpp.o
[116/1453] Building CXX object external/spirv-tools/source/CMakeFiles/SPIRV-Tools-static.dir/Debug/val/validate_mesh_shading.cpp.o
[117/1453] Building CXX object external/spirv-tools/source/CMakeFiles/SPIRV-Tools-static.dir/Debug/val/validate_misc.cpp.o
[118/1453] Building CXX object external/spirv-tools/source/CMakeFiles/SPIRV-Tools-static.dir/Debug/val/validate_pipe.cpp.o
[119/1453] Building CXX object external/spirv-tools/source/CMakeFiles/SPIRV-Tools-static.dir/Debug/val/validate_ray_query.cpp.o
[120/1453] Building CXX object external/spirv-tools/source/CMakeFiles/SPIRV-Tools-static.dir/Debug/val/validate_primitives.cpp.o
[121/1453] Building CXX object external/spirv-tools/source/CMakeFiles/SPIRV-Tools-static.dir/Debug/val/validate_ray_tracing.cpp.o
[122/1453] Building CXX object external/spirv-tools/source/CMakeFiles/SPIRV-Tools-static.dir/Debug/val/validate_mode_setting.cpp.o
[123/1453] Building CXX object external/spirv-tools/source/CMakeFiles/SPIRV-Tools-static.dir/Debug/val/validate_scopes.cpp.o
[124/1453] Building CXX object external/spirv-tools/source/CMakeFiles/SPIRV-Tools-static.dir/Debug/val/validate_ray_tracing_reorder.cpp.o
[125/1453] Building CXX object external/spirv-tools/source/CMakeFiles/SPIRV-Tools-static.dir/Debug/val/validate_small_type_uses.cpp.o
[126/1453] Building CXX object external/spirv-tools/source/CMakeFiles/SPIRV-Tools-static.dir/Debug/val/validate_tensor_layout.cpp.o
[127/1453] Building CXX object external/spirv-tools/source/CMakeFiles/SPIRV-Tools-static.dir/Debug/val/basic_block.cpp.o
[128/1453] Building CXX object external/spirv-tools/source/CMakeFiles/SPIRV-Tools-static.dir/Debug/val/validate_invalid_type.cpp.o
[129/1453] Building CXX object external/spirv-tools/source/CMakeFiles/SPIRV-Tools-static.dir/Debug/util/timer.cpp.o
[130/1453] Building CXX object external/spirv-tools/source/CMakeFiles/SPIRV-Tools-static.dir/Debug/val/instruction.cpp.o
[131/1453] Building CXX object external/spirv-tools/source/CMakeFiles/SPIRV-Tools-static.dir/Debug/val/validate_tensor.cpp.o
[132/1453] Building CXX object external/spirv-tools/source/CMakeFiles/SPIRV-Tools-static.dir/Debug/val/validate_type.cpp.o
[133/1453] Building CXX object external/spirv-tools/source/CMakeFiles/SPIRV-Tools-static.dir/Debug/val/construct.cpp.o
[134/1453] Building CXX object external/spirv-tools/source/CMakeFiles/SPIRV-Tools-static.dir/Debug/val/function.cpp.o
[135/1453] Building CXX object external/spirv-tools/source/CMakeFiles/SPIRV-Tools-static.dir/Debug/val/validation_state.cpp.o
[136/1453] Building CXX object external/spirv-tools/source/opt/CMakeFiles/SPIRV-Tools-opt.dir/Debug/analyze_live_input_pass.cpp.o
[137/1453] Building CXX object external/spirv-tools/source/opt/CMakeFiles/SPIRV-Tools-opt.dir/Debug/block_merge_pass.cpp.o
[138/1453] Building CXX object external/spirv-tools/source/opt/CMakeFiles/SPIRV-Tools-opt.dir/Debug/basic_block.cpp.o
[139/1453] Building CXX object external/spirv-tools/source/opt/CMakeFiles/SPIRV-Tools-opt.dir/Debug/fix_func_call_arguments.cpp.o
[140/1453] Building CXX object external/spirv-tools/source/opt/CMakeFiles/SPIRV-Tools-opt.dir/Debug/amd_ext_to_khr.cpp.o
[141/1453] Linking CXX static library external/spirv-tools/source/Debug/libSPIRV-Tools.a
[142/1453] Building CXX object external/spirv-tools/source/opt/CMakeFiles/SPIRV-Tools-opt.dir/Debug/block_merge_util.cpp.o
[143/1453] Building CXX object external/spirv-tools/source/opt/CMakeFiles/SPIRV-Tools-opt.dir/Debug/aggressive_dead_code_elim_pass.cpp.o
[144/1453] Building CXX object external/spirv-tools/source/opt/CMakeFiles/SPIRV-Tools-opt.dir/Debug/build_module.cpp.o
[145/1453] Building CXX object external/spirv-tools/source/opt/CMakeFiles/SPIRV-Tools-opt.dir/Debug/cfg.cpp.o
[146/1453] Building CXX object external/spirv-tools/source/opt/CMakeFiles/SPIRV-Tools-opt.dir/Debug/combine_access_chains.cpp.o
[147/1453] Building CXX object external/spirv-tools/source/opt/CMakeFiles/SPIRV-Tools-opt.dir/Debug/composite.cpp.o
[148/1453] Building CXX object external/spirv-tools/source/opt/CMakeFiles/SPIRV-Tools-opt.dir/Debug/code_sink.cpp.o
[149/1453] Building CXX object external/spirv-tools/source/opt/CMakeFiles/SPIRV-Tools-opt.dir/Debug/ccp_pass.cpp.o
[150/1453] Building CXX object external/spirv-tools/source/opt/CMakeFiles/SPIRV-Tools-opt.dir/Debug/cfg_cleanup_pass.cpp.o
[151/1453] Building CXX object external/spirv-tools/source/opt/CMakeFiles/SPIRV-Tools-opt.dir/Debug/compact_ids_pass.cpp.o
[152/1453] Building CXX object external/spirv-tools/source/opt/CMakeFiles/SPIRV-Tools-opt.dir/Debug/control_dependence.cpp.o
[153/1453] Building CXX object external/spirv-tools/source/opt/CMakeFiles/SPIRV-Tools-opt.dir/Debug/const_folding_rules.cpp.o
[154/1453] Building CXX object external/spirv-tools/source/opt/CMakeFiles/SPIRV-Tools-opt.dir/Debug/constants.cpp.o
[155/1453] Building CXX object external/spirv-tools/source/opt/CMakeFiles/SPIRV-Tools-opt.dir/Debug/convert_to_sampled_image_pass.cpp.o
[156/1453] Building CXX object external/spirv-tools/source/opt/CMakeFiles/SPIRV-Tools-opt.dir/Debug/dead_insert_elim_pass.cpp.o
[157/1453] Building CXX object external/spirv-tools/source/opt/CMakeFiles/SPIRV-Tools-opt.dir/Debug/dataflow.cpp.o
[158/1453] Building CXX object external/spirv-tools/source/opt/CMakeFiles/SPIRV-Tools-opt.dir/Debug/copy_prop_arrays.cpp.o
[159/1453] Building CXX object external/spirv-tools/source/opt/CMakeFiles/SPIRV-Tools-opt.dir/Debug/dead_branch_elim_pass.cpp.o
[160/1453] Building CXX object external/spirv-tools/source/opt/CMakeFiles/SPIRV-Tools-opt.dir/Debug/convert_to_half_pass.cpp.o
[161/1453] Building CXX object external/spirv-tools/source/opt/CMakeFiles/SPIRV-Tools-opt.dir/Debug/dead_variable_elimination.cpp.o
[162/1453] Building CXX object external/spirv-tools/source/opt/CMakeFiles/SPIRV-Tools-opt.dir/Debug/def_use_manager.cpp.o
[163/1453] Building CXX object external/spirv-tools/source/opt/CMakeFiles/SPIRV-Tools-opt.dir/Debug/decoration_manager.cpp.o
[164/1453] Building CXX object external/spirv-tools/source/opt/CMakeFiles/SPIRV-Tools-opt.dir/Debug/desc_sroa_util.cpp.o
[165/1453] Building CXX object external/spirv-tools/source/opt/CMakeFiles/SPIRV-Tools-opt.dir/Debug/debug_info_manager.cpp.o
[166/1453] Building CXX object external/spirv-tools/source/opt/CMakeFiles/SPIRV-Tools-opt.dir/Debug/dominator_analysis.cpp.o
[167/1453] Building CXX object external/spirv-tools/source/opt/CMakeFiles/SPIRV-Tools-opt.dir/Debug/desc_sroa.cpp.o
[168/1453] Building CXX object external/spirv-tools/source/opt/CMakeFiles/SPIRV-Tools-opt.dir/Debug/eliminate_dead_functions_pass.cpp.o
[169/1453] Building CXX object external/spirv-tools/source/opt/CMakeFiles/SPIRV-Tools-opt.dir/Debug/eliminate_dead_constant_pass.cpp.o
[170/1453] Building CXX object external/spirv-tools/source/opt/CMakeFiles/SPIRV-Tools-opt.dir/Debug/feature_manager.cpp.o
[171/1453] Building CXX object external/spirv-tools/source/opt/CMakeFiles/SPIRV-Tools-opt.dir/Debug/eliminate_dead_functions_util.cpp.o
[172/1453] Building CXX object external/spirv-tools/source/opt/CMakeFiles/SPIRV-Tools-opt.dir/Debug/dominator_tree.cpp.o
[173/1453] Building CXX object external/spirv-tools/source/opt/CMakeFiles/SPIRV-Tools-opt.dir/Debug/eliminate_dead_io_components_pass.cpp.o
[174/1453] Building CXX object external/spirv-tools/source/opt/CMakeFiles/SPIRV-Tools-opt.dir/Debug/eliminate_dead_output_stores_pass.cpp.o
[175/1453] Building CXX object external/spirv-tools/source/opt/CMakeFiles/SPIRV-Tools-opt.dir/Debug/graph.cpp.o
[176/1453] Building CXX object external/spirv-tools/source/opt/CMakeFiles/SPIRV-Tools-opt.dir/Debug/eliminate_dead_members_pass.cpp.o
[177/1453] Building CXX object external/spirv-tools/source/opt/CMakeFiles/SPIRV-Tools-opt.dir/Debug/fix_storage_class.cpp.o
[178/1453] Building CXX object external/spirv-tools/source/opt/CMakeFiles/SPIRV-Tools-opt.dir/Debug/flatten_decoration_pass.cpp.o
[179/1453] Building CXX object external/spirv-tools/source/opt/CMakeFiles/SPIRV-Tools-opt.dir/Debug/fold.cpp.o
[180/1453] Building CXX object external/spirv-tools/source/opt/CMakeFiles/SPIRV-Tools-opt.dir/Debug/freeze_spec_constant_value_pass.cpp.o
[181/1453] Building CXX object external/spirv-tools/source/opt/CMakeFiles/SPIRV-Tools-opt.dir/Debug/fold_spec_constant_op_and_composite_pass.cpp.o
[182/1453] Building CXX object external/spirv-tools/source/opt/CMakeFiles/SPIRV-Tools-opt.dir/Debug/instruction_list.cpp.o
[183/1453] Building CXX object external/spirv-tools/source/opt/CMakeFiles/SPIRV-Tools-opt.dir/Debug/function.cpp.o
[184/1453] Building CXX object external/spirv-tools/source/opt/CMakeFiles/SPIRV-Tools-opt.dir/Debug/inline_exhaustive_pass.cpp.o
[185/1453] Building CXX object external/spirv-tools/source/opt/CMakeFiles/SPIRV-Tools-opt.dir/Debug/graphics_robust_access_pass.cpp.o
[186/1453] Building CXX object external/spirv-tools/source/opt/CMakeFiles/SPIRV-Tools-opt.dir/Debug/inline_opaque_pass.cpp.o
[187/1453] Building CXX object external/spirv-tools/source/opt/CMakeFiles/SPIRV-Tools-opt.dir/Debug/if_conversion.cpp.o
[188/1453] Building CXX object external/spirv-tools/source/opt/CMakeFiles/SPIRV-Tools-opt.dir/Debug/folding_rules.cpp.o
[189/1453] Building CXX object external/spirv-tools/source/opt/CMakeFiles/SPIRV-Tools-opt.dir/Debug/inline_pass.cpp.o
