result code = 0
standard error = {
}
standard output = {
#version 450
#extension GL_EXT_spirv_intrinsics : require
layout(row_major) uniform;
layout(row_major) buffer;
spirv_instruction(id = 256)
void livenessStart_0(spirv_by_reference int  _0[2], spirv_literal int _1);

spirv_instruction(id = 256)
void livenessStart_1(spirv_by_reference int _0, spirv_literal int _1);

spirv_instruction(id = 257)
void livenessEnd_0(spirv_by_reference int _0, spirv_literal int _1);

spirv_instruction(id = 257)
void livenessEnd_1(spirv_by_reference int  _0[2], spirv_literal int _1);

int calcThing_0(int offset_0)
{
    int  another_0[2];
    livenessStart_0(another_0, 0);
    another_0[0] = 1;
    another_0[1] = 2;
    int k_0;
    livenessStart_1(k_0, 0);
    k_0 = 0;
    int total_0;
    livenessStart_1(total_0, 0);
    total_0 = 0;
    for(;;)
    {
        if(k_0 < 20)
        {
        }
        else
        {
            livenessEnd_0(k_0, 0);
            break;
        }
        bool _S1 = (k_0 + 7) % 5 == 4;
        int k_1 = k_0 + 1;
        int i_0;
        livenessStart_1(i_0, 0);
        i_0 = 0;
        for(;;)
        {
            if(i_0 < 17)
            {
            }
            else
            {
                livenessEnd_0(i_0, 0);
                break;
            }
            another_0[i_0 & 1] = another_0[i_0 & 1] + (k_0 + i_0);
            i_0 = i_0 + 1;
        }
        livenessEnd_0(k_0, 0);
        int _S2 = total_0;
        livenessEnd_0(total_0, 0);
        int total_1 = _S2 + another_0[k_0 & 1];
        if(_S1)
        {
            livenessEnd_1(another_0, 0);
            return 1;
        }
        livenessStart_1(k_0, 0);
        k_0 = k_1;
        livenessStart_1(total_0, 0);
        total_0 = total_1;
    }
    livenessEnd_1(another_0, 0);
    if(total_0 > 4)
    {
        total_0 = - total_0;
    }
    else
    {
    }
    return total_0;
}

layout(std430, binding = 0) buffer _S3 {
    int _data[];
} outputBuffer_0;
layout(local_size_x = 4, local_size_y = 1, local_size_z = 1) in;
void main()
{
    int index_0 = int(gl_GlobalInvocationID.x);
    int _S4 = calcThing_0(index_0);
    ((outputBuffer_0)._data[(uint(index_0))]) = _S4;
    return;
}

}
