result code = -1
standard error = {
tests/diagnostics/interfaces/return-type-mismatch.slang(12): error 38105: member 'get_lobe_types' does not match interface requirement.
    uint get_lobe_types() { return LobeTypes::Diffuse; }
         ^~~~~~~~~~~~~~
error 38106: member 'get_lobe_types' return type 'uint' does not match interface requirement return type 'LobeTypes'.
note: see interface requirement declaration of 'get_lobe_types'
tests/diagnostics/interfaces/return-type-mismatch.slang(8): note: see interface requirement declaration of 'get_lobe_types'
    LobeTypes get_lobe_types();
              ^~~~~~~~~~~~~~
}
standard output = {
}