result code = 0
standard error = {
}
standard output = {
{
    "parameters": [
        {
            "name": "s_paramBlock",
            "binding": {"kind": "uniform", "offset": 0, "size": 0},
            "type": {
                "kind": "parameterBlock",
                "elementType": {
                    "kind": "struct",
                    "name": "AnotherThing",
                    "fields": [
                        {
                            "name": "tex",
                            "type": {
                                "kind": "resource",
                                "baseShape": "texture2D"
                            },
                            "binding": {"kind": "uniform", "offset": 8, "size": 8}
                        },
                        {
                            "name": "sampler",
                            "type": {
                                "kind": "samplerState"
                            },
                            "binding": {"kind": "uniform", "offset": 16, "size": 8}
                        }
                    ]
                }
            }
        },
        {
            "name": "thing3",
            "binding": {"kind": "uniform", "offset": 0, "size": 0},
            "type": {
                "kind": "constantBuffer",
                "elementType": {
                    "kind": "struct",
                    "name": "Thing",
                    "fields": [
                        {
                            "name": "a",
                            "type": {
                                "kind": "scalar",
                                "scalarType": "int32"
                            },
                            "binding": {"kind": "uniform", "offset": 8, "size": 4}
                        },
                        {
                            "name": "b",
                            "type": {
                                "kind": "scalar",
                                "scalarType": "float32"
                            },
                            "binding": {"kind": "uniform", "offset": 12, "size": 4}
                        }
                    ]
                }
            }
        }
    ],
    "entryPoints": [
        {
            "name": "computeMain",
            "stage:": "compute",
            "parameters": [
                {
                    "name": "dispatchThreadID",
                    "semanticName": "SV_DISPATCHTHREADID",
                    "type": {
                        "kind": "vector",
                        "elementCount": 3,
                        "elementType": {
                            "kind": "scalar",
                            "scalarType": "uint32"
                        }
                    }
                },
                {
                    "name": "outputBuffer",
                    "type": {
                        "kind": "resource",
                        "baseShape": "structuredBuffer",
                        "access": "readWrite"
                    }
                },
                {
                    "name": "thing",
                    "binding": {"kind": "uniform", "offset": 8, "size": 8},
                    "type": {
                        "kind": "struct",
                        "name": "Thing",
                        "fields": [
                            {
                                "name": "a",
                                "type": {
                                    "kind": "scalar",
                                    "scalarType": "int32"
                                },
                                "binding": {"kind": "uniform", "offset": 0, "size": 4}
                            },
                            {
                                "name": "b",
                                "type": {
                                    "kind": "scalar",
                                    "scalarType": "float32"
                                },
                                "binding": {"kind": "uniform", "offset": 4, "size": 4}
                            }
                        ]
                    }
                },
                {
                    "name": "thing2",
                    "binding": {"kind": "uniform", "offset": 16, "size": 8},
                    "type": {
                        "kind": "struct",
                        "name": "Thing",
                        "fields": [
                            {
                                "name": "a",
                                "type": {
                                    "kind": "scalar",
                                    "scalarType": "int32"
                                },
                                "binding": {"kind": "uniform", "offset": 0, "size": 4}
                            },
                            {
                                "name": "b",
                                "type": {
                                    "kind": "scalar",
                                    "scalarType": "float32"
                                },
                                "binding": {"kind": "uniform", "offset": 4, "size": 4}
                            }
                        ]
                    }
                }
            ],
            "threadGroupSize": [4, 1, 1]
        }
    ]
}
}
