result code = -1
standard error = {
tests/diagnostics/generic-type-inference-fail.slang(66): error 39999: could not specialize generic for arguments of type (int)
    var obj3 = CreateT_Assoc_Inner(1); // ERROR.
                                  ^
tests/diagnostics/generic-type-inference-fail.slang(18): note: see declaration of func CreateT_Assoc_Inner<T>(int) -> T.TAssoc
T.TAssoc CreateT_Assoc_Inner<T:IInterface>(int inVal)
         ^~~~~~~~~~~~~~~~~~~
}
standard output = {
}
