result code = 0
standard error = {
tests/diagnostics/overlapping-bindings.slang(9): warning 39001: explicit binding for parameter 'b' overlaps with parameter 'a'
Texture2D b : register(t0);
          ^
tests/diagnostics/overlapping-bindings.slang(7): note: see declaration of 'a'
Texture2D a : register(t0);
          ^
}
standard output = {
}
