result code = -1
standard error = {
tests/diagnostics/recursive-import.slang(6): error 38200: module `recursive_import_extra` recursively imports itself
import recursive_import_extra;
       ^~~~~~~~~~~~~~~~~~~~~~
tests/diagnostics/recursive-import-extra.slang(6): error 39999: import of module 'recursive_import' failed because of a compilation error
import recursive_import;
       ^~~~~~~~~~~~~~~~
tests/diagnostics/recursive-import.slang(6): error 39999: import of module 'recursive_import_extra' failed because of a compilation error
import recursive_import_extra;
       ^~~~~~~~~~~~~~~~~~~~~~
(0): fatal error 39999: compilation ceased
}
standard output = {
}
