result code = 0
standard error = {
}
standard output = {
; SPIR-V
; Version: 1.4
; Generator: Khronos Glslang Reference Front End; 11
; Bound: 141
; Schema: 0
OpCapability MeshShadingEXT
OpExtension "SPV_EXT_mesh_shader"
%1 = OpExtInstImport "GLSL.std.450"
OpMemoryModel Logical GLSL450
OpEntryPoint MeshEXT %main "main" %gl_MeshVerticesEXT %verts_color_0 %gl_LocalInvocationIndex %gl_PrimitiveTriangleIndicesEXT
OpExecutionMode %main LocalSize 3 1 1
OpExecutionMode %main OutputVertices 3
OpExecutionMode %main OutputPrimitivesEXT 1
OpExecutionMode %main OutputTrianglesEXT

; Debug Information
OpSource GLSL 450
OpSourceExtension "GL_EXT_mesh_shader"
OpSourceExtension "GL_GOOGLE_cpp_style_line_directive"
OpName %main "main"                                 ; id %4
OpName %gl_MeshPerVertexEXT "gl_MeshPerVertexEXT"   ; id %74
OpMemberName %gl_MeshPerVertexEXT 0 "gl_Position"
OpName %gl_MeshVerticesEXT "gl_MeshVerticesEXT"     ; id %77
OpName %verts_color_0 "verts_color_0"               ; id %84
OpName %gl_LocalInvocationIndex "gl_LocalInvocationIndex"   ; id %93
OpName %param "param"                                       ; id %94
OpName %gl_PrimitiveTriangleIndicesEXT "gl_PrimitiveTriangleIndicesEXT"     ; id %104

; Annotations
OpMemberDecorate %gl_MeshPerVertexEXT 0 BuiltIn Position
OpDecorate %gl_MeshPerVertexEXT Block
OpDecorate %verts_color_0 Location 0
OpDecorate %gl_LocalInvocationIndex BuiltIn LocalInvocationIndex
OpDecorate %gl_PrimitiveTriangleIndicesEXT BuiltIn PrimitiveTriangleIndicesEXT
OpDecorate %gl_WorkGroupSize BuiltIn WorkgroupSize
OpDecorate %114 NonWritable
OpDecorate %117 NonWritable

; Types, variables and constants
%void = OpTypeVoid
%3 = OpTypeFunction %void
%float = OpTypeFloat 32
%v4float = OpTypeVector %float 4
%v3float = OpTypeVector %float 3
%_ptr_Function_v3float = OpTypePointer Function %v3float
%uint = OpTypeInt 32 0
%_ptr_Function_uint = OpTypePointer Function %uint
%int = OpTypeInt 32 1
%int_0 = OpConstant %int 0
%uint_3 = OpConstant %uint 3
%bool = OpTypeBool
%v2float = OpTypeVector %float 2
%_arr_v2float_uint_3 = OpTypeArray %v2float %uint_3
%float_0 = OpConstant %float 0
%float_n0_5 = OpConstant %float -0.5
%46 = OpConstantComposite %v2float %float_0 %float_n0_5
%float_0_5 = OpConstant %float 0.5
%48 = OpConstantComposite %v2float %float_0_5 %float_0_5
%49 = OpConstantComposite %v2float %float_n0_5 %float_0_5
%50 = OpConstantComposite %_arr_v2float_uint_3 %46 %48 %49
%_ptr_Function__arr_v2float_uint_3 = OpTypePointer Function %_arr_v2float_uint_3
%_ptr_Function_v2float = OpTypePointer Function %v2float
%float_1 = OpConstant %float 1
%_arr_v3float_uint_3 = OpTypeArray %v3float %uint_3
%62 = OpConstantComposite %v3float %float_1 %float_1 %float_0
%63 = OpConstantComposite %v3float %float_0 %float_1 %float_1
%64 = OpConstantComposite %v3float %float_1 %float_0 %float_1
%65 = OpConstantComposite %_arr_v3float_uint_3 %62 %63 %64
%_ptr_Function__arr_v3float_uint_3 = OpTypePointer Function %_arr_v3float_uint_3
%gl_MeshPerVertexEXT = OpTypeStruct %v4float        ; Block
%_arr_gl_MeshPerVertexEXT_uint_3 = OpTypeArray %gl_MeshPerVertexEXT %uint_3
%_ptr_Output__arr_gl_MeshPerVertexEXT_uint_3 = OpTypePointer Output %_arr_gl_MeshPerVertexEXT_uint_3
%gl_MeshVerticesEXT = OpVariable %_ptr_Output__arr_gl_MeshPerVertexEXT_uint_3 Output
%_ptr_Output_v4float = OpTypePointer Output %v4float
%_ptr_Output__arr_v3float_uint_3 = OpTypePointer Output %_arr_v3float_uint_3
%verts_color_0 = OpVariable %_ptr_Output__arr_v3float_uint_3 Output     ; Location 0
%_ptr_Output_v3float = OpTypePointer Output %v3float
%uint_1 = OpConstant %uint 1
%_ptr_Input_uint = OpTypePointer Input %uint
%gl_LocalInvocationIndex = OpVariable %_ptr_Input_uint Input    ; BuiltIn LocalInvocationIndex
%v3uint = OpTypeVector %uint 3
%_arr_v3uint_uint_1 = OpTypeArray %v3uint %uint_1
%_ptr_Output__arr_v3uint_uint_1 = OpTypePointer Output %_arr_v3uint_uint_1
%gl_PrimitiveTriangleIndicesEXT = OpVariable %_ptr_Output__arr_v3uint_uint_1 Output     ; BuiltIn PrimitiveTriangleIndicesEXT
%uint_0 = OpConstant %uint 0
%uint_2 = OpConstant %uint 2
%108 = OpConstantComposite %v3uint %uint_0 %uint_1 %uint_2
%_ptr_Output_v3uint = OpTypePointer Output %v3uint
%gl_WorkGroupSize = OpConstantComposite %v3uint %uint_3 %uint_1 %uint_1     ; BuiltIn WorkgroupSize

; Function main
%main = OpFunction %void None %3
%5 = OpLabel
%114 = OpVariable %_ptr_Function__arr_v2float_uint_3 Function %50   ; NonWritable
%117 = OpVariable %_ptr_Function__arr_v3float_uint_3 Function %65   ; NonWritable
%param = OpVariable %_ptr_Function_uint Function
OpSetMeshOutputsEXT %uint_3 %uint_1
%95 = OpLoad %uint %gl_LocalInvocationIndex
OpStore %param %95
OpStore %114 %50
OpStore %117 %65
%120 = OpULessThan %bool %95 %uint_3
OpSelectionMerge %140 None
OpBranchConditional %120 %121 %140
%121 = OpLabel
%122 = OpLoad %uint %param
%123 = OpAccessChain %_ptr_Function_v2float %114 %122
%124 = OpLoad %v2float %123
%125 = OpCompositeExtract %float %124 0
%126 = OpCompositeExtract %float %124 1
%127 = OpCompositeConstruct %v4float %125 %126 %float_0 %float_1
%129 = OpAccessChain %_ptr_Function_v3float %117 %122
%130 = OpLoad %v3float %129
%135 = OpAccessChain %_ptr_Output_v4float %gl_MeshVerticesEXT %122 %int_0
OpStore %135 %127
%139 = OpAccessChain %_ptr_Output_v3float %verts_color_0 %122
OpStore %139 %130
OpBranch %140
%140 = OpLabel
%97 = OpLoad %uint %gl_LocalInvocationIndex
%98 = OpULessThan %bool %97 %uint_1
OpSelectionMerge %100 None
OpBranchConditional %98 %99 %100
%99 = OpLabel
%105 = OpLoad %uint %gl_LocalInvocationIndex
%110 = OpAccessChain %_ptr_Output_v3uint %gl_PrimitiveTriangleIndicesEXT %105
OpStore %110 %108
OpBranch %100
%100 = OpLabel
OpReturn
OpFunctionEnd
}
