result code = -1
standard error = {
error[E30015]: undefined identifier
  ╭╼ tests/bugs/glsl-vk-binding-define.hlsl:3:15
  │
3 │ [[vk::binding(UNDEFINED_VK_BINDING, UNDEFINED_VK_SET)]]
  │               ━━━━━━━━━━━━━━━━━━━━ undefined identifier 'UNDEFINED_VK_BINDING'.
error[E30015]: undefined identifier
  ╭╼ tests/bugs/glsl-vk-binding-define.hlsl:3:37
  │
3 │ [[vk::binding(UNDEFINED_VK_BINDING, UNDEFINED_VK_SET)]]
  │                                     ━━━━━━━━━━━━━━━━ undefined identifier 'UNDEFINED_VK_SET'.
}
standard output = {
}
