result code = -1
standard error = {
tests/bugs/glsl-vk-binding-define.hlsl(3): error 30015: undefined identifier 'UNDEFINED_VK_BINDING'.
[[vk::binding(UNDEFINED_VK_BINDING, UNDEFINED_VK_SET)]]
              ^~~~~~~~~~~~~~~~~~~~
tests/bugs/glsl-vk-binding-define.hlsl(3): error 30015: undefined identifier 'UNDEFINED_VK_SET'.
[[vk::binding(UNDEFINED_VK_BINDING, UNDEFINED_VK_SET)]]
                                    ^~~~~~~~~~~~~~~~
}
standard output = {
}
