result code = -1
standard error = {
error[E30015]: undefined identifier
   ╭╼ tests/bugs/keyword-undefined-identifier.slang:29:9
   │
29 │ return instance;
   │        ━━━━━━━━ undefined identifier 'instance'.
error[E30015]: undefined identifier
   ╭╼ tests/bugs/keyword-undefined-identifier.slang:34:9
   │
34 │ return triangle;
   │        ━━━━━━━━ undefined identifier 'triangle'.
}
standard output = {
}
