result code = 0
standard error = {
}
standard output = {
#version 460
#extension GL_EXT_ray_tracing : require
#extension GL_NV_shader_invocation_reorder : require
#extension GL_EXT_spirv_intrinsics : require
layout(row_major) uniform;
layout(row_major) buffer;
layout(binding = 0)
uniform accelerationStructureEXT scene_0;

layout(std430, binding = 1) buffer StructuredBuffer_uint_t_0 {
    uint _data[];
} outputBuffer_0;
struct SomeValues_0
{
    int a_0;
    float b_0;
};

layout(location = 0)
hitObjectAttributeNV
SomeValues_0 t_0;

struct RayDesc_0
{
    vec3 Origin_0;
    float TMin_0;
    vec3 Direction_0;
    float TMax_0;
};

RayDesc_0 HitObject_GetRayDesc_0(hitObjectNV this_0)
{
    vec3 _S1 = (hitObjectGetWorldRayOriginNV((this_0)));
    float _S2 = (hitObjectGetRayTMinNV((this_0)));
    vec3 _S3 = (hitObjectGetObjectRayDirectionNV((this_0)));
    float _S4 = (hitObjectGetRayTMaxNV((this_0)));
    RayDesc_0 ray_0 = { _S1, _S2, _S3, _S4 };
    return ray_0;
}

SomeValues_0 HitObject_GetAttributes_0(hitObjectNV this_1)
{
    hitObjectGetAttributesNV((this_1), ((0)));
    return t_0;
}

uint calcValue_0(spirv_by_reference hitObjectNV hit_0)
{
    bool _S5 = (hitObjectIsHitNV((hit_0)));
    uint r_0;
    if(_S5)
    {
        uint instanceIndex_0 = (hitObjectGetInstanceCustomIndexNV((hit_0)));
        uint instanceID_0 = (hitObjectGetInstanceIdNV((hit_0)));
        uint geometryIndex_0 = (hitObjectGetGeometryIndexNV((hit_0)));
        uint primitiveIndex_0 = (hitObjectGetPrimitiveIndexNV((hit_0)));
        uint hitKind_0 = (hitObjectGetHitKindNV((hit_0)));
        uint r_1 = hitKind_0 + instanceIndex_0 + instanceID_0 + geometryIndex_0 + primitiveIndex_0;
        RayDesc_0 ray_1 = HitObject_GetRayDesc_0(hit_0);
        uint r_2 = r_1 + uint(ray_1.TMin_0 > 0.0) + uint(ray_1.TMax_0 < ray_1.TMin_0);
        SomeValues_0 objSomeValues_0 = HitObject_GetAttributes_0(hit_0);
        r_0 = uint(int(r_2) + objSomeValues_0.a_0);
    }
    else
    {
        bool _S6 = (hitObjectIsMissNV((hit_0)));
        if(_S6)
        {
            r_0 = 1U;
        }
        else
        {
            r_0 = 0U;
        }
    }
    return r_0;
}

void main()
{
    uvec3 _S7 = ((gl_LaunchIDEXT));
    ivec2 launchID_0 = ivec2(_S7.xy);
    uvec3 _S8 = ((gl_LaunchSizeEXT));
    int idx_0 = launchID_0.x;
    RayDesc_0 ray_2;
    ray_2.Origin_0 = vec3(float(idx_0), 0.0, 0.0);
    ray_2.TMin_0 = 0.00999999977648258209;
    ray_2.Direction_0 = vec3(0.0, 1.0, 0.0);
    ray_2.TMax_0 = 10000.0;
    uint _S9 = uint(idx_0);
    uint _S10 = uint(idx_0 * 2);
    uint _S11 = uint(idx_0 * 3);
    RayDesc_0 _S12 = ray_2;
    hitObjectNV hitObj_0;
    int _S13 = int(_S9);
    int _S14 = int(_S10);
    int _S15 = int(_S11);
    hitObjectRecordHitWithIndexNV(hitObj_0, scene_0, _S13, _S14, _S15, 0U, 0U, _S12.Origin_0, _S12.TMin_0, _S12.Direction_0, _S12.TMax_0, (0));
    hitObjectNV hit_1 = hitObj_0;
    uint r_3 = calcValue_0(hit_1);
    RayDesc_0 _S16 = ray_2;
    hitObjectNV hitObj_1;
    hitObjectRecordHitNV(hitObj_1, scene_0, _S13, _S15, _S14, 0U, 0U, 4U, _S16.Origin_0, _S16.TMin_0, _S16.Direction_0, _S16.TMax_0, (0));
    hitObjectNV hit_2 = hitObj_1;
    uint _S17 = calcValue_0(hit_2);
    outputBuffer_0._data[_S9] = r_3 + _S17;
    return;
}

}
