result code = 0
standard error = {
}
standard output = {
;
; Note: shader requires additional functionality:
;       UAVs at every shader stage
;
; shader hash: a8939689e548eb162696bb329b53cb67
;
; Buffer Definitions:
;
; Resource bind info for g_NvidiaExt
; {
;
;   struct struct.NvShaderExtnStruct
;   {
;
;       uint opcode;                                  ; Offset:    0
;       uint rid;                                     ; Offset:    4
;       uint sid;                                     ; Offset:    8
;       uint4 dst1u;                                  ; Offset:   12
;       uint4 src3u;                                  ; Offset:   28
;       uint4 src4u;                                  ; Offset:   44
;       uint4 src5u;                                  ; Offset:   60
;       uint4 src0u;                                  ; Offset:   76
;       uint4 src1u;                                  ; Offset:   92
;       uint4 src2u;                                  ; Offset:  108
;       uint4 dst0u;                                  ; Offset:  124
;       uint markUavRef;                              ; Offset:  140
;       uint numOutputsForIncCounter;                 ; Offset:  144
;       float padding1[27];                           ; Offset:  148
;   
;   } $Element;                                       ; Offset:    0 Size:   256
;
; }
;
; Resource bind info for outputBuffer_0
; {
;
;   uint $Element;                                    ; Offset:    0 Size:     4
;
; }
;
;
; Resource Bindings:
;
; Name                                 Type  Format         Dim      ID      HLSL Bind  Count
; ------------------------------ ---------- ------- ----------- ------- -------------- ------
; scene_0                           texture     i32         ras      T0             t0     1
; g_NvidiaExt                           UAV  struct     r/w+cnt      U0             u0     1
; outputBuffer_0                        UAV  struct         r/w      U1             u1     1
;
target datalayout = "e-m:e-p:32:32-i1:32-i8:8-i16:16-i32:32-i64:64-f16:16-f32:32-f64:64-n8:16:32:64"
target triple = "dxil-ms-dx"

%"class.RWStructuredBuffer<NvShaderExtnStruct>" = type { %struct.NvShaderExtnStruct }
%struct.NvShaderExtnStruct = type { i32, i32, i32, <4 x i32>, <4 x i32>, <4 x i32>, <4 x i32>, <4 x i32>, <4 x i32>, <4 x i32>, <4 x i32>, i32, i32, [27 x float] }
%struct.RaytracingAccelerationStructure = type { i32 }
%"class.RWStructuredBuffer<unsigned int>" = type { i32 }
%struct.SomeValues_0 = type { i32, float }
%dx.types.Handle = type { i8* }

@"\01?g_NvidiaExt@@3V?$RWStructuredBuffer@UNvShaderExtnStruct@@@@A" = external constant %"class.RWStructuredBuffer<NvShaderExtnStruct>", align 4
@"\01?scene_0@@3URaytracingAccelerationStructure@@A" = external constant %struct.RaytracingAccelerationStructure, align 4
@"\01?outputBuffer_0@@3V?$RWStructuredBuffer@I@@A" = external constant %"class.RWStructuredBuffer<unsigned int>", align 4

; Function Attrs: nounwind
define void @"\01?rayGenerationMain@@YAXXZ"() #0 {
  %1 = load %struct.RaytracingAccelerationStructure, %struct.RaytracingAccelerationStructure* @"\01?scene_0@@3URaytracingAccelerationStructure@@A", align 4, !noalias !18
  %2 = load %"class.RWStructuredBuffer<unsigned int>", %"class.RWStructuredBuffer<unsigned int>"* @"\01?outputBuffer_0@@3V?$RWStructuredBuffer@I@@A", align 4
  %3 = load %"class.RWStructuredBuffer<NvShaderExtnStruct>", %"class.RWStructuredBuffer<NvShaderExtnStruct>"* @"\01?g_NvidiaExt@@3V?$RWStructuredBuffer@UNvShaderExtnStruct@@@@A", align 4, !noalias !21
  %4 = alloca %struct.SomeValues_0, align 8
  %5 = alloca %struct.SomeValues_0, align 8
  %6 = alloca %struct.SomeValues_0, align 4
  %7 = alloca %struct.SomeValues_0, align 4
  %8 = call i32 @dx.op.dispatchRaysIndex.i32(i32 145, i8 0)  ; DispatchRaysIndex(col)
  %9 = sitofp i32 %8 to float
  %10 = fmul fast float %9, 2.000000e+00
  %11 = getelementptr inbounds %struct.SomeValues_0, %struct.SomeValues_0* %6, i32 0, i32 0
  store i32 %8, i32* %11, align 4
  %12 = getelementptr inbounds %struct.SomeValues_0, %struct.SomeValues_0* %6, i32 0, i32 1
  store float %10, float* %12, align 4
  %13 = sitofp i32 %8 to float
  %14 = call %dx.types.Handle @"dx.op.createHandleForLib.class.RWStructuredBuffer<NvShaderExtnStruct>"(i32 160, %"class.RWStructuredBuffer<NvShaderExtnStruct>" %3)  ; CreateHandleForLib(Resource)
  %15 = call i32 @dx.op.bufferUpdateCounter(i32 70, %dx.types.Handle %14, i8 1)  ; BufferUpdateCounter(uav,inc)
  %16 = call %dx.types.Handle @"dx.op.createHandleForLib.class.RWStructuredBuffer<NvShaderExtnStruct>"(i32 160, %"class.RWStructuredBuffer<NvShaderExtnStruct>" %3)  ; CreateHandleForLib(Resource)
  call void @dx.op.rawBufferStore.i32(i32 140, %dx.types.Handle %16, i32 %15, i32 0, i32 67, i32 undef, i32 undef, i32 undef, i8 1, i32 4)  ; RawBufferStore(uav,index,elementOffset,value0,value1,value2,value3,mask,alignment)
  %17 = call %dx.types.Handle @"dx.op.createHandleForLib.class.RWStructuredBuffer<NvShaderExtnStruct>"(i32 160, %"class.RWStructuredBuffer<NvShaderExtnStruct>" %3)  ; CreateHandleForLib(Resource)
  call void @dx.op.rawBufferStore.i32(i32 140, %dx.types.Handle %17, i32 %15, i32 144, i32 2, i32 undef, i32 undef, i32 undef, i8 1, i32 4)  ; RawBufferStore(uav,index,elementOffset,value0,value1,value2,value3,mask,alignment)
  %18 = call %dx.types.Handle @"dx.op.createHandleForLib.class.RWStructuredBuffer<NvShaderExtnStruct>"(i32 160, %"class.RWStructuredBuffer<NvShaderExtnStruct>" %3)  ; CreateHandleForLib(Resource)
  call void @dx.op.rawBufferStore.i32(i32 140, %dx.types.Handle %18, i32 %15, i32 76, i32 0, i32 undef, i32 undef, i32 undef, i8 1, i32 4)  ; RawBufferStore(uav,index,elementOffset,value0,value1,value2,value3,mask,alignment)
  %19 = call %dx.types.Handle @"dx.op.createHandleForLib.class.RWStructuredBuffer<NvShaderExtnStruct>"(i32 160, %"class.RWStructuredBuffer<NvShaderExtnStruct>" %3)  ; CreateHandleForLib(Resource)
  %20 = call i32 @dx.op.bufferUpdateCounter(i32 70, %dx.types.Handle %19, i8 1)  ; BufferUpdateCounter(uav,inc)
  %21 = call %dx.types.Handle @"dx.op.createHandleForLib.class.RWStructuredBuffer<NvShaderExtnStruct>"(i32 160, %"class.RWStructuredBuffer<NvShaderExtnStruct>" %3)  ; CreateHandleForLib(Resource)
  %22 = call i32 @dx.op.bufferUpdateCounter(i32 70, %dx.types.Handle %21, i8 1)  ; BufferUpdateCounter(uav,inc)
  %23 = call %dx.types.Handle @dx.op.createHandleForLib.struct.RaytracingAccelerationStructure(i32 160, %struct.RaytracingAccelerationStructure %1)  ; CreateHandleForLib(Resource)
  call void @dx.op.traceRay.struct.SomeValues_0(i32 157, %dx.types.Handle %23, i32 20, i32 255, i32 0, i32 4, i32 %22, float %13, float 0.000000e+00, float 0.000000e+00, float 0x3F847AE140000000, float 0.000000e+00, float 1.000000e+00, float 0.000000e+00, float 1.000000e+04, %struct.SomeValues_0* nonnull %6)  ; TraceRay(AccelerationStructure,RayFlags,InstanceInclusionMask,RayContributionToHitGroupIndex,MultiplierForGeometryContributionToShaderIndex,MissShaderIndex,Origin_X,Origin_Y,Origin_Z,TMin,Direction_X,Direction_Y,Direction_Z,TMax,payload)
  %24 = call %dx.types.Handle @"dx.op.createHandleForLib.class.RWStructuredBuffer<NvShaderExtnStruct>"(i32 160, %"class.RWStructuredBuffer<NvShaderExtnStruct>" %3)  ; CreateHandleForLib(Resource)
  %25 = call i32 @dx.op.bufferUpdateCounter(i32 70, %dx.types.Handle %24, i8 1)  ; BufferUpdateCounter(uav,inc)
  %26 = call %dx.types.Handle @"dx.op.createHandleForLib.class.RWStructuredBuffer<NvShaderExtnStruct>"(i32 160, %"class.RWStructuredBuffer<NvShaderExtnStruct>" %3)  ; CreateHandleForLib(Resource)
  call void @dx.op.rawBufferStore.i32(i32 140, %dx.types.Handle %26, i32 %25, i32 0, i32 73, i32 undef, i32 undef, i32 undef, i8 1, i32 4)  ; RawBufferStore(uav,index,elementOffset,value0,value1,value2,value3,mask,alignment)
  %27 = call %dx.types.Handle @"dx.op.createHandleForLib.class.RWStructuredBuffer<NvShaderExtnStruct>"(i32 160, %"class.RWStructuredBuffer<NvShaderExtnStruct>" %3)  ; CreateHandleForLib(Resource)
  call void @dx.op.rawBufferStore.i32(i32 140, %dx.types.Handle %27, i32 %25, i32 76, i32 %20, i32 undef, i32 undef, i32 undef, i8 1, i32 4)  ; RawBufferStore(uav,index,elementOffset,value0,value1,value2,value3,mask,alignment)
  %28 = call %dx.types.Handle @"dx.op.createHandleForLib.class.RWStructuredBuffer<NvShaderExtnStruct>"(i32 160, %"class.RWStructuredBuffer<NvShaderExtnStruct>" %3)  ; CreateHandleForLib(Resource)
  %29 = call i32 @dx.op.bufferUpdateCounter(i32 70, %dx.types.Handle %28, i8 1)  ; BufferUpdateCounter(uav,inc)
  %30 = icmp eq i32 %29, 0
  br i1 %30, label %31, label %68

; <label>:31                                      ; preds = %0
  %32 = call %dx.types.Handle @"dx.op.createHandleForLib.class.RWStructuredBuffer<NvShaderExtnStruct>"(i32 160, %"class.RWStructuredBuffer<NvShaderExtnStruct>" %3)  ; CreateHandleForLib(Resource)
  %33 = call i32 @dx.op.bufferUpdateCounter(i32 70, %dx.types.Handle %32, i8 1)  ; BufferUpdateCounter(uav,inc)
  %34 = call %dx.types.Handle @"dx.op.createHandleForLib.class.RWStructuredBuffer<NvShaderExtnStruct>"(i32 160, %"class.RWStructuredBuffer<NvShaderExtnStruct>" %3)  ; CreateHandleForLib(Resource)
  call void @dx.op.rawBufferStore.i32(i32 140, %dx.types.Handle %34, i32 %33, i32 0, i32 75, i32 undef, i32 undef, i32 undef, i8 1, i32 4)  ; RawBufferStore(uav,index,elementOffset,value0,value1,value2,value3,mask,alignment)
  %35 = call %dx.types.Handle @"dx.op.createHandleForLib.class.RWStructuredBuffer<NvShaderExtnStruct>"(i32 160, %"class.RWStructuredBuffer<NvShaderExtnStruct>" %3)  ; CreateHandleForLib(Resource)
  call void @dx.op.rawBufferStore.i32(i32 140, %dx.types.Handle %35, i32 %33, i32 76, i32 %20, i32 undef, i32 undef, i32 undef, i8 1, i32 4)  ; RawBufferStore(uav,index,elementOffset,value0,value1,value2,value3,mask,alignment)
  %36 = call %dx.types.Handle @"dx.op.createHandleForLib.class.RWStructuredBuffer<NvShaderExtnStruct>"(i32 160, %"class.RWStructuredBuffer<NvShaderExtnStruct>" %3)  ; CreateHandleForLib(Resource)
  %37 = call i32 @dx.op.bufferUpdateCounter(i32 70, %dx.types.Handle %36, i8 1)  ; BufferUpdateCounter(uav,inc)
  %38 = call %dx.types.Handle @"dx.op.createHandleForLib.class.RWStructuredBuffer<NvShaderExtnStruct>"(i32 160, %"class.RWStructuredBuffer<NvShaderExtnStruct>" %3)  ; CreateHandleForLib(Resource)
  %39 = call i32 @dx.op.bufferUpdateCounter(i32 70, %dx.types.Handle %38, i8 1)  ; BufferUpdateCounter(uav,inc)
  %40 = call %dx.types.Handle @"dx.op.createHandleForLib.class.RWStructuredBuffer<NvShaderExtnStruct>"(i32 160, %"class.RWStructuredBuffer<NvShaderExtnStruct>" %3)  ; CreateHandleForLib(Resource)
  call void @dx.op.rawBufferStore.i32(i32 140, %dx.types.Handle %40, i32 %39, i32 0, i32 74, i32 undef, i32 undef, i32 undef, i8 1, i32 4)  ; RawBufferStore(uav,index,elementOffset,value0,value1,value2,value3,mask,alignment)
  %41 = call %dx.types.Handle @"dx.op.createHandleForLib.class.RWStructuredBuffer<NvShaderExtnStruct>"(i32 160, %"class.RWStructuredBuffer<NvShaderExtnStruct>" %3)  ; CreateHandleForLib(Resource)
  call void @dx.op.rawBufferStore.i32(i32 140, %dx.types.Handle %41, i32 %39, i32 76, i32 %20, i32 undef, i32 undef, i32 undef, i8 1, i32 4)  ; RawBufferStore(uav,index,elementOffset,value0,value1,value2,value3,mask,alignment)
  %42 = call %dx.types.Handle @"dx.op.createHandleForLib.class.RWStructuredBuffer<NvShaderExtnStruct>"(i32 160, %"class.RWStructuredBuffer<NvShaderExtnStruct>" %3)  ; CreateHandleForLib(Resource)
  %43 = call i32 @dx.op.bufferUpdateCounter(i32 70, %dx.types.Handle %42, i8 1)  ; BufferUpdateCounter(uav,inc)
  %44 = call %dx.types.Handle @"dx.op.createHandleForLib.class.RWStructuredBuffer<NvShaderExtnStruct>"(i32 160, %"class.RWStructuredBuffer<NvShaderExtnStruct>" %3)  ; CreateHandleForLib(Resource)
  %45 = call i32 @dx.op.bufferUpdateCounter(i32 70, %dx.types.Handle %44, i8 1)  ; BufferUpdateCounter(uav,inc)
  %46 = call %dx.types.Handle @"dx.op.createHandleForLib.class.RWStructuredBuffer<NvShaderExtnStruct>"(i32 160, %"class.RWStructuredBuffer<NvShaderExtnStruct>" %3)  ; CreateHandleForLib(Resource)
  call void @dx.op.rawBufferStore.i32(i32 140, %dx.types.Handle %46, i32 %45, i32 0, i32 77, i32 undef, i32 undef, i32 undef, i8 1, i32 4)  ; RawBufferStore(uav,index,elementOffset,value0,value1,value2,value3,mask,alignment)
  %47 = call %dx.types.Handle @"dx.op.createHandleForLib.class.RWStructuredBuffer<NvShaderExtnStruct>"(i32 160, %"class.RWStructuredBuffer<NvShaderExtnStruct>" %3)  ; CreateHandleForLib(Resource)
  call void @dx.op.rawBufferStore.i32(i32 140, %dx.types.Handle %47, i32 %45, i32 76, i32 %20, i32 undef, i32 undef, i32 undef, i8 1, i32 4)  ; RawBufferStore(uav,index,elementOffset,value0,value1,value2,value3,mask,alignment)
  %48 = call %dx.types.Handle @"dx.op.createHandleForLib.class.RWStructuredBuffer<NvShaderExtnStruct>"(i32 160, %"class.RWStructuredBuffer<NvShaderExtnStruct>" %3)  ; CreateHandleForLib(Resource)
  %49 = call i32 @dx.op.bufferUpdateCounter(i32 70, %dx.types.Handle %48, i8 1)  ; BufferUpdateCounter(uav,inc)
  %50 = call %dx.types.Handle @"dx.op.createHandleForLib.class.RWStructuredBuffer<NvShaderExtnStruct>"(i32 160, %"class.RWStructuredBuffer<NvShaderExtnStruct>" %3)  ; CreateHandleForLib(Resource)
  %51 = call i32 @dx.op.bufferUpdateCounter(i32 70, %dx.types.Handle %50, i8 1)  ; BufferUpdateCounter(uav,inc)
  %52 = call %dx.types.Handle @"dx.op.createHandleForLib.class.RWStructuredBuffer<NvShaderExtnStruct>"(i32 160, %"class.RWStructuredBuffer<NvShaderExtnStruct>" %3)  ; CreateHandleForLib(Resource)
  call void @dx.op.rawBufferStore.i32(i32 140, %dx.types.Handle %52, i32 %51, i32 0, i32 76, i32 undef, i32 undef, i32 undef, i8 1, i32 4)  ; RawBufferStore(uav,index,elementOffset,value0,value1,value2,value3,mask,alignment)
  %53 = call %dx.types.Handle @"dx.op.createHandleForLib.class.RWStructuredBuffer<NvShaderExtnStruct>"(i32 160, %"class.RWStructuredBuffer<NvShaderExtnStruct>" %3)  ; CreateHandleForLib(Resource)
  call void @dx.op.rawBufferStore.i32(i32 140, %dx.types.Handle %53, i32 %51, i32 76, i32 %20, i32 undef, i32 undef, i32 undef, i8 1, i32 4)  ; RawBufferStore(uav,index,elementOffset,value0,value1,value2,value3,mask,alignment)
  %54 = call %dx.types.Handle @"dx.op.createHandleForLib.class.RWStructuredBuffer<NvShaderExtnStruct>"(i32 160, %"class.RWStructuredBuffer<NvShaderExtnStruct>" %3)  ; CreateHandleForLib(Resource)
  %55 = call i32 @dx.op.bufferUpdateCounter(i32 70, %dx.types.Handle %54, i8 1)  ; BufferUpdateCounter(uav,inc)
  %56 = call %dx.types.Handle @"dx.op.createHandleForLib.class.RWStructuredBuffer<NvShaderExtnStruct>"(i32 160, %"class.RWStructuredBuffer<NvShaderExtnStruct>" %3)  ; CreateHandleForLib(Resource)
  %57 = call i32 @dx.op.bufferUpdateCounter(i32 70, %dx.types.Handle %56, i8 1)  ; BufferUpdateCounter(uav,inc)
  %58 = call %dx.types.Handle @"dx.op.createHandleForLib.class.RWStructuredBuffer<NvShaderExtnStruct>"(i32 160, %"class.RWStructuredBuffer<NvShaderExtnStruct>" %3)  ; CreateHandleForLib(Resource)
  call void @dx.op.rawBufferStore.i32(i32 140, %dx.types.Handle %58, i32 %57, i32 0, i32 80, i32 undef, i32 undef, i32 undef, i8 1, i32 4)  ; RawBufferStore(uav,index,elementOffset,value0,value1,value2,value3,mask,alignment)
  %59 = call %dx.types.Handle @"dx.op.createHandleForLib.class.RWStructuredBuffer<NvShaderExtnStruct>"(i32 160, %"class.RWStructuredBuffer<NvShaderExtnStruct>" %3)  ; CreateHandleForLib(Resource)
  call void @dx.op.rawBufferStore.i32(i32 140, %dx.types.Handle %59, i32 %57, i32 76, i32 %20, i32 undef, i32 undef, i32 undef, i8 1, i32 4)  ; RawBufferStore(uav,index,elementOffset,value0,value1,value2,value3,mask,alignment)
  %60 = call %dx.types.Handle @"dx.op.createHandleForLib.class.RWStructuredBuffer<NvShaderExtnStruct>"(i32 160, %"class.RWStructuredBuffer<NvShaderExtnStruct>" %3)  ; CreateHandleForLib(Resource)
  %61 = call i32 @dx.op.bufferUpdateCounter(i32 70, %dx.types.Handle %60, i8 1)  ; BufferUpdateCounter(uav,inc)
  call void @dx.op.callShader.struct.SomeValues_0(i32 159, i32 %61, %struct.SomeValues_0* nonnull %5)  ; CallShader(ShaderIndex,Parameter)
  %62 = getelementptr inbounds %struct.SomeValues_0, %struct.SomeValues_0* %5, i32 0, i32 0
  %63 = load i32, i32* %62, align 8
  %64 = add i32 %43, %37
  %65 = add i32 %64, %49
  %66 = add i32 %65, %55
  %67 = add i32 %66, %63
  br label %68

; <label>:68                                      ; preds = %31, %0
  %69 = phi i32 [ %67, %31 ], [ 0, %0 ]
  %70 = call %dx.types.Handle @"dx.op.createHandleForLib.class.RWStructuredBuffer<NvShaderExtnStruct>"(i32 160, %"class.RWStructuredBuffer<NvShaderExtnStruct>" %3)  ; CreateHandleForLib(Resource)
  %71 = call i32 @dx.op.bufferUpdateCounter(i32 70, %dx.types.Handle %70, i8 1)  ; BufferUpdateCounter(uav,inc)
  %72 = call %dx.types.Handle @"dx.op.createHandleForLib.class.RWStructuredBuffer<NvShaderExtnStruct>"(i32 160, %"class.RWStructuredBuffer<NvShaderExtnStruct>" %3)  ; CreateHandleForLib(Resource)
  call void @dx.op.rawBufferStore.i32(i32 140, %dx.types.Handle %72, i32 %71, i32 0, i32 71, i32 undef, i32 undef, i32 undef, i8 1, i32 4)  ; RawBufferStore(uav,index,elementOffset,value0,value1,value2,value3,mask,alignment)
  %73 = call %dx.types.Handle @"dx.op.createHandleForLib.class.RWStructuredBuffer<NvShaderExtnStruct>"(i32 160, %"class.RWStructuredBuffer<NvShaderExtnStruct>" %3)  ; CreateHandleForLib(Resource)
  call void @dx.op.rawBufferStore.i32(i32 140, %dx.types.Handle %73, i32 %71, i32 76, i32 1, i32 undef, i32 undef, i32 undef, i8 1, i32 4)  ; RawBufferStore(uav,index,elementOffset,value0,value1,value2,value3,mask,alignment)
  %74 = call %dx.types.Handle @"dx.op.createHandleForLib.class.RWStructuredBuffer<NvShaderExtnStruct>"(i32 160, %"class.RWStructuredBuffer<NvShaderExtnStruct>" %3)  ; CreateHandleForLib(Resource)
  call void @dx.op.rawBufferStore.i32(i32 140, %dx.types.Handle %74, i32 %71, i32 80, i32 %20, i32 undef, i32 undef, i32 undef, i8 1, i32 4)  ; RawBufferStore(uav,index,elementOffset,value0,value1,value2,value3,mask,alignment)
  %75 = call %dx.types.Handle @"dx.op.createHandleForLib.class.RWStructuredBuffer<NvShaderExtnStruct>"(i32 160, %"class.RWStructuredBuffer<NvShaderExtnStruct>" %3)  ; CreateHandleForLib(Resource)
  call void @dx.op.rawBufferStore.i32(i32 140, %dx.types.Handle %75, i32 %71, i32 84, i32 0, i32 undef, i32 undef, i32 undef, i8 1, i32 4)  ; RawBufferStore(uav,index,elementOffset,value0,value1,value2,value3,mask,alignment)
  %76 = call %dx.types.Handle @"dx.op.createHandleForLib.class.RWStructuredBuffer<NvShaderExtnStruct>"(i32 160, %"class.RWStructuredBuffer<NvShaderExtnStruct>" %3)  ; CreateHandleForLib(Resource)
  call void @dx.op.rawBufferStore.i32(i32 140, %dx.types.Handle %76, i32 %71, i32 88, i32 0, i32 undef, i32 undef, i32 undef, i8 1, i32 4)  ; RawBufferStore(uav,index,elementOffset,value0,value1,value2,value3,mask,alignment)
  %77 = call %dx.types.Handle @"dx.op.createHandleForLib.class.RWStructuredBuffer<NvShaderExtnStruct>"(i32 160, %"class.RWStructuredBuffer<NvShaderExtnStruct>" %3)  ; CreateHandleForLib(Resource)
  %78 = call i32 @dx.op.bufferUpdateCounter(i32 70, %dx.types.Handle %77, i8 1)  ; BufferUpdateCounter(uav,inc)
  %79 = sub nsw i32 0, %8
  %80 = sitofp i32 %8 to float
  %81 = fmul fast float %80, 4.000000e+00
  %82 = getelementptr inbounds %struct.SomeValues_0, %struct.SomeValues_0* %7, i32 0, i32 0
  store i32 %79, i32* %82, align 4
  %83 = getelementptr inbounds %struct.SomeValues_0, %struct.SomeValues_0* %7, i32 0, i32 1
  store float %81, float* %83, align 4
  %84 = call %dx.types.Handle @"dx.op.createHandleForLib.class.RWStructuredBuffer<NvShaderExtnStruct>"(i32 160, %"class.RWStructuredBuffer<NvShaderExtnStruct>" %3)  ; CreateHandleForLib(Resource)
  %85 = call i32 @dx.op.bufferUpdateCounter(i32 70, %dx.types.Handle %84, i8 1)  ; BufferUpdateCounter(uav,inc)
  %86 = call %dx.types.Handle @"dx.op.createHandleForLib.class.RWStructuredBuffer<NvShaderExtnStruct>"(i32 160, %"class.RWStructuredBuffer<NvShaderExtnStruct>" %3)  ; CreateHandleForLib(Resource)
  call void @dx.op.rawBufferStore.i32(i32 140, %dx.types.Handle %86, i32 %85, i32 0, i32 72, i32 undef, i32 undef, i32 undef, i8 1, i32 4)  ; RawBufferStore(uav,index,elementOffset,value0,value1,value2,value3,mask,alignment)
  %87 = call %dx.types.Handle @"dx.op.createHandleForLib.class.RWStructuredBuffer<NvShaderExtnStruct>"(i32 160, %"class.RWStructuredBuffer<NvShaderExtnStruct>" %3)  ; CreateHandleForLib(Resource)
  call void @dx.op.rawBufferStore.i32(i32 140, %dx.types.Handle %87, i32 %85, i32 76, i32 %20, i32 undef, i32 undef, i32 undef, i8 1, i32 4)  ; RawBufferStore(uav,index,elementOffset,value0,value1,value2,value3,mask,alignment)
  %88 = call %dx.types.Handle @"dx.op.createHandleForLib.class.RWStructuredBuffer<NvShaderExtnStruct>"(i32 160, %"class.RWStructuredBuffer<NvShaderExtnStruct>" %3)  ; CreateHandleForLib(Resource)
  %89 = call i32 @dx.op.bufferUpdateCounter(i32 70, %dx.types.Handle %88, i8 1)  ; BufferUpdateCounter(uav,inc)
  %90 = call %dx.types.Handle @dx.op.createHandleForLib.struct.RaytracingAccelerationStructure(i32 160, %struct.RaytracingAccelerationStructure %1)  ; CreateHandleForLib(Resource)
  call void @dx.op.traceRay.struct.SomeValues_0(i32 157, %dx.types.Handle %90, i32 0, i32 0, i32 0, i32 0, i32 %89, float 0.000000e+00, float 0.000000e+00, float 0.000000e+00, float 0.000000e+00, float 0.000000e+00, float 0.000000e+00, float 0.000000e+00, float 0.000000e+00, %struct.SomeValues_0* nonnull %7)  ; TraceRay(AccelerationStructure,RayFlags,InstanceInclusionMask,RayContributionToHitGroupIndex,MultiplierForGeometryContributionToShaderIndex,MissShaderIndex,Origin_X,Origin_Y,Origin_Z,TMin,Direction_X,Direction_Y,Direction_Z,TMax,payload)
  %91 = call %dx.types.Handle @"dx.op.createHandleForLib.class.RWStructuredBuffer<NvShaderExtnStruct>"(i32 160, %"class.RWStructuredBuffer<NvShaderExtnStruct>" %3)  ; CreateHandleForLib(Resource)
  %92 = call i32 @dx.op.bufferUpdateCounter(i32 70, %dx.types.Handle %91, i8 1)  ; BufferUpdateCounter(uav,inc)
  %93 = call %dx.types.Handle @"dx.op.createHandleForLib.class.RWStructuredBuffer<NvShaderExtnStruct>"(i32 160, %"class.RWStructuredBuffer<NvShaderExtnStruct>" %3)  ; CreateHandleForLib(Resource)
  call void @dx.op.rawBufferStore.i32(i32 140, %dx.types.Handle %93, i32 %92, i32 0, i32 73, i32 undef, i32 undef, i32 undef, i8 1, i32 4)  ; RawBufferStore(uav,index,elementOffset,value0,value1,value2,value3,mask,alignment)
  %94 = call %dx.types.Handle @"dx.op.createHandleForLib.class.RWStructuredBuffer<NvShaderExtnStruct>"(i32 160, %"class.RWStructuredBuffer<NvShaderExtnStruct>" %3)  ; CreateHandleForLib(Resource)
  call void @dx.op.rawBufferStore.i32(i32 140, %dx.types.Handle %94, i32 %92, i32 76, i32 %20, i32 undef, i32 undef, i32 undef, i8 1, i32 4)  ; RawBufferStore(uav,index,elementOffset,value0,value1,value2,value3,mask,alignment)
  %95 = call %dx.types.Handle @"dx.op.createHandleForLib.class.RWStructuredBuffer<NvShaderExtnStruct>"(i32 160, %"class.RWStructuredBuffer<NvShaderExtnStruct>" %3)  ; CreateHandleForLib(Resource)
  %96 = call i32 @dx.op.bufferUpdateCounter(i32 70, %dx.types.Handle %95, i8 1)  ; BufferUpdateCounter(uav,inc)
  %97 = icmp eq i32 %96, 0
  br i1 %97, label %98, label %135

; <label>:98                                      ; preds = %68
  %99 = call %dx.types.Handle @"dx.op.createHandleForLib.class.RWStructuredBuffer<NvShaderExtnStruct>"(i32 160, %"class.RWStructuredBuffer<NvShaderExtnStruct>" %3)  ; CreateHandleForLib(Resource)
  %100 = call i32 @dx.op.bufferUpdateCounter(i32 70, %dx.types.Handle %99, i8 1)  ; BufferUpdateCounter(uav,inc)
  %101 = call %dx.types.Handle @"dx.op.createHandleForLib.class.RWStructuredBuffer<NvShaderExtnStruct>"(i32 160, %"class.RWStructuredBuffer<NvShaderExtnStruct>" %3)  ; CreateHandleForLib(Resource)
  call void @dx.op.rawBufferStore.i32(i32 140, %dx.types.Handle %101, i32 %100, i32 0, i32 75, i32 undef, i32 undef, i32 undef, i8 1, i32 4)  ; RawBufferStore(uav,index,elementOffset,value0,value1,value2,value3,mask,alignment)
  %102 = call %dx.types.Handle @"dx.op.createHandleForLib.class.RWStructuredBuffer<NvShaderExtnStruct>"(i32 160, %"class.RWStructuredBuffer<NvShaderExtnStruct>" %3)  ; CreateHandleForLib(Resource)
  call void @dx.op.rawBufferStore.i32(i32 140, %dx.types.Handle %102, i32 %100, i32 76, i32 %20, i32 undef, i32 undef, i32 undef, i8 1, i32 4)  ; RawBufferStore(uav,index,elementOffset,value0,value1,value2,value3,mask,alignment)
  %103 = call %dx.types.Handle @"dx.op.createHandleForLib.class.RWStructuredBuffer<NvShaderExtnStruct>"(i32 160, %"class.RWStructuredBuffer<NvShaderExtnStruct>" %3)  ; CreateHandleForLib(Resource)
  %104 = call i32 @dx.op.bufferUpdateCounter(i32 70, %dx.types.Handle %103, i8 1)  ; BufferUpdateCounter(uav,inc)
  %105 = call %dx.types.Handle @"dx.op.createHandleForLib.class.RWStructuredBuffer<NvShaderExtnStruct>"(i32 160, %"class.RWStructuredBuffer<NvShaderExtnStruct>" %3)  ; CreateHandleForLib(Resource)
  %106 = call i32 @dx.op.bufferUpdateCounter(i32 70, %dx.types.Handle %105, i8 1)  ; BufferUpdateCounter(uav,inc)
  %107 = call %dx.types.Handle @"dx.op.createHandleForLib.class.RWStructuredBuffer<NvShaderExtnStruct>"(i32 160, %"class.RWStructuredBuffer<NvShaderExtnStruct>" %3)  ; CreateHandleForLib(Resource)
  call void @dx.op.rawBufferStore.i32(i32 140, %dx.types.Handle %107, i32 %106, i32 0, i32 74, i32 undef, i32 undef, i32 undef, i8 1, i32 4)  ; RawBufferStore(uav,index,elementOffset,value0,value1,value2,value3,mask,alignment)
  %108 = call %dx.types.Handle @"dx.op.createHandleForLib.class.RWStructuredBuffer<NvShaderExtnStruct>"(i32 160, %"class.RWStructuredBuffer<NvShaderExtnStruct>" %3)  ; CreateHandleForLib(Resource)
  call void @dx.op.rawBufferStore.i32(i32 140, %dx.types.Handle %108, i32 %106, i32 76, i32 %20, i32 undef, i32 undef, i32 undef, i8 1, i32 4)  ; RawBufferStore(uav,index,elementOffset,value0,value1,value2,value3,mask,alignment)
  %109 = call %dx.types.Handle @"dx.op.createHandleForLib.class.RWStructuredBuffer<NvShaderExtnStruct>"(i32 160, %"class.RWStructuredBuffer<NvShaderExtnStruct>" %3)  ; CreateHandleForLib(Resource)
  %110 = call i32 @dx.op.bufferUpdateCounter(i32 70, %dx.types.Handle %109, i8 1)  ; BufferUpdateCounter(uav,inc)
  %111 = call %dx.types.Handle @"dx.op.createHandleForLib.class.RWStructuredBuffer<NvShaderExtnStruct>"(i32 160, %"class.RWStructuredBuffer<NvShaderExtnStruct>" %3)  ; CreateHandleForLib(Resource)
  %112 = call i32 @dx.op.bufferUpdateCounter(i32 70, %dx.types.Handle %111, i8 1)  ; BufferUpdateCounter(uav,inc)
  %113 = call %dx.types.Handle @"dx.op.createHandleForLib.class.RWStructuredBuffer<NvShaderExtnStruct>"(i32 160, %"class.RWStructuredBuffer<NvShaderExtnStruct>" %3)  ; CreateHandleForLib(Resource)
  call void @dx.op.rawBufferStore.i32(i32 140, %dx.types.Handle %113, i32 %112, i32 0, i32 77, i32 undef, i32 undef, i32 undef, i8 1, i32 4)  ; RawBufferStore(uav,index,elementOffset,value0,value1,value2,value3,mask,alignment)
  %114 = call %dx.types.Handle @"dx.op.createHandleForLib.class.RWStructuredBuffer<NvShaderExtnStruct>"(i32 160, %"class.RWStructuredBuffer<NvShaderExtnStruct>" %3)  ; CreateHandleForLib(Resource)
  call void @dx.op.rawBufferStore.i32(i32 140, %dx.types.Handle %114, i32 %112, i32 76, i32 %20, i32 undef, i32 undef, i32 undef, i8 1, i32 4)  ; RawBufferStore(uav,index,elementOffset,value0,value1,value2,value3,mask,alignment)
  %115 = call %dx.types.Handle @"dx.op.createHandleForLib.class.RWStructuredBuffer<NvShaderExtnStruct>"(i32 160, %"class.RWStructuredBuffer<NvShaderExtnStruct>" %3)  ; CreateHandleForLib(Resource)
  %116 = call i32 @dx.op.bufferUpdateCounter(i32 70, %dx.types.Handle %115, i8 1)  ; BufferUpdateCounter(uav,inc)
  %117 = call %dx.types.Handle @"dx.op.createHandleForLib.class.RWStructuredBuffer<NvShaderExtnStruct>"(i32 160, %"class.RWStructuredBuffer<NvShaderExtnStruct>" %3)  ; CreateHandleForLib(Resource)
  %118 = call i32 @dx.op.bufferUpdateCounter(i32 70, %dx.types.Handle %117, i8 1)  ; BufferUpdateCounter(uav,inc)
  %119 = call %dx.types.Handle @"dx.op.createHandleForLib.class.RWStructuredBuffer<NvShaderExtnStruct>"(i32 160, %"class.RWStructuredBuffer<NvShaderExtnStruct>" %3)  ; CreateHandleForLib(Resource)
  call void @dx.op.rawBufferStore.i32(i32 140, %dx.types.Handle %119, i32 %118, i32 0, i32 76, i32 undef, i32 undef, i32 undef, i8 1, i32 4)  ; RawBufferStore(uav,index,elementOffset,value0,value1,value2,value3,mask,alignment)
  %120 = call %dx.types.Handle @"dx.op.createHandleForLib.class.RWStructuredBuffer<NvShaderExtnStruct>"(i32 160, %"class.RWStructuredBuffer<NvShaderExtnStruct>" %3)  ; CreateHandleForLib(Resource)
  call void @dx.op.rawBufferStore.i32(i32 140, %dx.types.Handle %120, i32 %118, i32 76, i32 %20, i32 undef, i32 undef, i32 undef, i8 1, i32 4)  ; RawBufferStore(uav,index,elementOffset,value0,value1,value2,value3,mask,alignment)
  %121 = call %dx.types.Handle @"dx.op.createHandleForLib.class.RWStructuredBuffer<NvShaderExtnStruct>"(i32 160, %"class.RWStructuredBuffer<NvShaderExtnStruct>" %3)  ; CreateHandleForLib(Resource)
  %122 = call i32 @dx.op.bufferUpdateCounter(i32 70, %dx.types.Handle %121, i8 1)  ; BufferUpdateCounter(uav,inc)
  %123 = call %dx.types.Handle @"dx.op.createHandleForLib.class.RWStructuredBuffer<NvShaderExtnStruct>"(i32 160, %"class.RWStructuredBuffer<NvShaderExtnStruct>" %3)  ; CreateHandleForLib(Resource)
  %124 = call i32 @dx.op.bufferUpdateCounter(i32 70, %dx.types.Handle %123, i8 1)  ; BufferUpdateCounter(uav,inc)
  %125 = call %dx.types.Handle @"dx.op.createHandleForLib.class.RWStructuredBuffer<NvShaderExtnStruct>"(i32 160, %"class.RWStructuredBuffer<NvShaderExtnStruct>" %3)  ; CreateHandleForLib(Resource)
  call void @dx.op.rawBufferStore.i32(i32 140, %dx.types.Handle %125, i32 %124, i32 0, i32 80, i32 undef, i32 undef, i32 undef, i8 1, i32 4)  ; RawBufferStore(uav,index,elementOffset,value0,value1,value2,value3,mask,alignment)
  %126 = call %dx.types.Handle @"dx.op.createHandleForLib.class.RWStructuredBuffer<NvShaderExtnStruct>"(i32 160, %"class.RWStructuredBuffer<NvShaderExtnStruct>" %3)  ; CreateHandleForLib(Resource)
  call void @dx.op.rawBufferStore.i32(i32 140, %dx.types.Handle %126, i32 %124, i32 76, i32 %20, i32 undef, i32 undef, i32 undef, i8 1, i32 4)  ; RawBufferStore(uav,index,elementOffset,value0,value1,value2,value3,mask,alignment)
  %127 = call %dx.types.Handle @"dx.op.createHandleForLib.class.RWStructuredBuffer<NvShaderExtnStruct>"(i32 160, %"class.RWStructuredBuffer<NvShaderExtnStruct>" %3)  ; CreateHandleForLib(Resource)
  %128 = call i32 @dx.op.bufferUpdateCounter(i32 70, %dx.types.Handle %127, i8 1)  ; BufferUpdateCounter(uav,inc)
  call void @dx.op.callShader.struct.SomeValues_0(i32 159, i32 %128, %struct.SomeValues_0* nonnull %4)  ; CallShader(ShaderIndex,Parameter)
  %129 = getelementptr inbounds %struct.SomeValues_0, %struct.SomeValues_0* %4, i32 0, i32 0
  %130 = load i32, i32* %129, align 8
  %131 = add i32 %110, %104
  %132 = add i32 %131, %116
  %133 = add i32 %132, %122
  %134 = add i32 %133, %130
  br label %135

; <label>:135                                     ; preds = %98, %68
  %136 = phi i32 [ %134, %98 ], [ 0, %68 ]
  %137 = add i32 %136, %69
  %138 = call %dx.types.Handle @"dx.op.createHandleForLib.class.RWStructuredBuffer<unsigned int>"(i32 160, %"class.RWStructuredBuffer<unsigned int>" %2)  ; CreateHandleForLib(Resource)
  call void @dx.op.rawBufferStore.i32(i32 140, %dx.types.Handle %138, i32 %8, i32 0, i32 %137, i32 undef, i32 undef, i32 undef, i8 1, i32 4)  ; RawBufferStore(uav,index,elementOffset,value0,value1,value2,value3,mask,alignment)
  ret void
}

; Function Attrs: nounwind
declare i32 @dx.op.bufferUpdateCounter(i32, %dx.types.Handle, i8) #0

; Function Attrs: nounwind
declare void @dx.op.rawBufferStore.i32(i32, %dx.types.Handle, i32, i32, i32, i32, i32, i32, i8, i32) #0

; Function Attrs: nounwind readnone
declare i32 @dx.op.dispatchRaysIndex.i32(i32, i8) #1

; Function Attrs: nounwind
declare void @dx.op.callShader.struct.SomeValues_0(i32, i32, %struct.SomeValues_0*) #0

; Function Attrs: nounwind
declare void @dx.op.traceRay.struct.SomeValues_0(i32, %dx.types.Handle, i32, i32, i32, i32, i32, float, float, float, float, float, float, float, float, %struct.SomeValues_0*) #0

; Function Attrs: nounwind readonly
declare %dx.types.Handle @"dx.op.createHandleForLib.class.RWStructuredBuffer<NvShaderExtnStruct>"(i32, %"class.RWStructuredBuffer<NvShaderExtnStruct>") #2

; Function Attrs: nounwind readonly
declare %dx.types.Handle @"dx.op.createHandleForLib.class.RWStructuredBuffer<unsigned int>"(i32, %"class.RWStructuredBuffer<unsigned int>") #2

; Function Attrs: nounwind readonly
declare %dx.types.Handle @dx.op.createHandleForLib.struct.RaytracingAccelerationStructure(i32, %struct.RaytracingAccelerationStructure) #2

attributes #0 = { nounwind }
attributes #1 = { nounwind readnone }
attributes #2 = { nounwind readonly }

!llvm.ident = !{!0}
!dx.version = !{!1}
!dx.valver = !{!2}
!dx.shaderModel = !{!3}
!dx.resources = !{!4}
!dx.entryPoints = !{!13, !15}

!0 = !{!"clang version 3.7 (tags/RELEASE_370/final)"}
!1 = !{i32 1, i32 5}
!2 = !{i32 1, i32 7}
!3 = !{!"lib", i32 6, i32 5}
!4 = !{!5, !8, null, null}
!5 = !{!6}
!6 = !{i32 0, %struct.RaytracingAccelerationStructure* @"\01?scene_0@@3URaytracingAccelerationStructure@@A", !"scene_0", i32 0, i32 0, i32 1, i32 16, i32 0, !7}
!7 = !{i32 0, i32 4}
!8 = !{!9, !11}
!9 = !{i32 0, %"class.RWStructuredBuffer<NvShaderExtnStruct>"* @"\01?g_NvidiaExt@@3V?$RWStructuredBuffer@UNvShaderExtnStruct@@@@A", !"g_NvidiaExt", i32 0, i32 0, i32 1, i32 12, i1 false, i1 true, i1 false, !10}
!10 = !{i32 1, i32 256}
!11 = !{i32 1, %"class.RWStructuredBuffer<unsigned int>"* @"\01?outputBuffer_0@@3V?$RWStructuredBuffer@I@@A", !"outputBuffer_0", i32 0, i32 1, i32 1, i32 12, i1 false, i1 false, i1 false, !12}
!12 = !{i32 1, i32 4}
!13 = !{null, !"", null, !4, !14}
!14 = !{i32 0, i64 8454160}
!15 = !{void ()* @"\01?rayGenerationMain@@YAXXZ", !"\01?rayGenerationMain@@YAXXZ", null, null, !16}
!16 = !{i32 8, i32 7, i32 5, !17}
!17 = !{i32 0}
!18 = !{!19}
!19 = distinct !{!19, !20, !"\01??$NvInvokeHitObject@USomeValues_0@@@@YAXURaytracingAccelerationStructure@@UNvHitObject@@USomeValues_0@@@Z: %Payload"}
!20 = distinct !{!20, !"\01??$NvInvokeHitObject@USomeValues_0@@@@YAXURaytracingAccelerationStructure@@UNvHitObject@@USomeValues_0@@@Z"}
!21 = !{!22}
!22 = distinct !{!22, !23, !"\01??$GetAttributes@USomeValues_0@@@NvHitObject@@QAA?AUSomeValues_0@@XZ: %agg.result"}
!23 = distinct !{!23, !"\01??$GetAttributes@USomeValues_0@@@NvHitObject@@QAA?AUSomeValues_0@@XZ"}
}
